Component: ARM Compiler 5.05 update 2 (build 169) Tool: armlink [4d0f33]

==============================================================================

Section Cross References

    main.o(i.TempHumi_State) refers to adc.o(i.getEnvirmentLux) for getEnvirmentLux
    main.o(i.TempHumi_State) refers to ds18b20.o(i.DS18B20_Get_ActualTemp) for DS18B20_Get_ActualTemp
    main.o(i.TempHumi_State) refers to adc.o(i.getAllHimidity) for getAllHimidity
    main.o(i.TempHumi_State) refers to usart1.o(i.u1_printf) for u1_printf
    main.o(i.TempHumi_State) refers to printfa.o(i.__0sprintf) for __2sprintf
    main.o(i.TempHumi_State) refers to strlen.o(.text) for strlen
    main.o(i.TempHumi_State) refers to mqtt.o(i.MQTT_PublishQs0) for MQTT_PublishQs0
    main.o(i.TempHumi_State) refers to process.o(.data) for PUMP_CONNECT_STATUS
    main.o(i.TempHumi_State) refers to main.o(.conststring) for .conststring
    main.o(i.main) refers to delay.o(i.Delay_Init) for Delay_Init
    main.o(i.main) refers to usart1.o(i.Usart1_Init) for Usart1_Init
    main.o(i.main) refers to usart2.o(i.Usart2_Init) for Usart2_Init
    main.o(i.main) refers to timer4.o(i.TIM4_Init) for TIM4_Init
    main.o(i.main) refers to led.o(i.LED_Init) for LED_Init
    main.o(i.main) refers to led.o(i.EXTIX_Init) for EXTIX_Init
    main.o(i.main) refers to adc.o(i.Adc_Init) for Adc_Init
    main.o(i.main) refers to rtc.o(i.RTC_Init) for RTC_Init
    main.o(i.main) refers to delay.o(i.delay_ms) for delay_ms
    main.o(i.main) refers to usart1.o(i.u1_printf) for u1_printf
    main.o(i.main) refers to ds18b20.o(i.DS18B20_Init) for DS18B20_Init
    main.o(i.main) refers to wifi.o(i.WiFi_ResetIO_Init) for WiFi_ResetIO_Init
    main.o(i.main) refers to mqtt.o(i.MQTT_Buff_Init) for MQTT_Buff_Init
    main.o(i.main) refers to mqtt.o(i.AliIoT_Parameter_Init) for AliIoT_Parameter_Init
    main.o(i.main) refers to timer3.o(i.TIM5_ENABLE_1S) for TIM5_ENABLE_1S
    main.o(i.main) refers to process.o(i.mqtt_txbuf_process) for mqtt_txbuf_process
    main.o(i.main) refers to process.o(i.mqtt_rxbuf_process) for mqtt_rxbuf_process
    main.o(i.main) refers to process.o(i.mqtt_cmdbuf_process) for mqtt_cmdbuf_process
    main.o(i.main) refers to process.o(i.connect_toRouter) for connect_toRouter
    main.o(i.main) refers to mqtt.o(.data) for Connect_flag
    delay.o(i.Delay_Init) refers to misc.o(i.SysTick_CLKSourceConfig) for SysTick_CLKSourceConfig
    usart1.o(i.Usart1_Init) refers to stm32f10x_rcc.o(i.RCC_APB2PeriphClockCmd) for RCC_APB2PeriphClockCmd
    usart1.o(i.Usart1_Init) refers to stm32f10x_gpio.o(i.GPIO_Init) for GPIO_Init
    usart1.o(i.Usart1_Init) refers to stm32f10x_usart.o(i.USART_Init) for USART_Init
    usart1.o(i.Usart1_Init) refers to stm32f10x_usart.o(i.USART_Cmd) for USART_Cmd
    usart1.o(i.u1_printf) refers to printfa.o(i.__0vsprintf) for __c89vsprintf
    usart1.o(i.u1_printf) refers to strlen.o(.text) for strlen
    usart1.o(i.u1_printf) refers to usart1.o(.bss) for Usart1_TxBuff
    timer4.o(i.TIM4_Init) refers to misc.o(i.NVIC_PriorityGroupConfig) for NVIC_PriorityGroupConfig
    timer4.o(i.TIM4_Init) refers to stm32f10x_rcc.o(i.RCC_APB1PeriphClockCmd) for RCC_APB1PeriphClockCmd
    timer4.o(i.TIM4_Init) refers to stm32f10x_tim.o(i.TIM_TimeBaseInit) for TIM_TimeBaseInit
    timer4.o(i.TIM4_Init) refers to stm32f10x_tim.o(i.TIM_ClearITPendingBit) for TIM_ClearITPendingBit
    timer4.o(i.TIM4_Init) refers to stm32f10x_tim.o(i.TIM_ITConfig) for TIM_ITConfig
    timer4.o(i.TIM4_Init) refers to stm32f10x_tim.o(i.TIM_Cmd) for TIM_Cmd
    timer4.o(i.TIM4_Init) refers to misc.o(i.NVIC_Init) for NVIC_Init
    stm32f10x_it.o(i.EXTI15_10_IRQHandler) refers to stm32f10x_exti.o(i.EXTI_GetITStatus) for EXTI_GetITStatus
    stm32f10x_it.o(i.EXTI15_10_IRQHandler) refers to delay.o(i.delay_ms) for delay_ms
    stm32f10x_it.o(i.EXTI15_10_IRQHandler) refers to stm32f10x_gpio.o(i.GPIO_ReadInputDataBit) for GPIO_ReadInputDataBit
    stm32f10x_it.o(i.EXTI15_10_IRQHandler) refers to usart1.o(i.u1_printf) for u1_printf
    stm32f10x_it.o(i.EXTI15_10_IRQHandler) refers to stm32f10x_exti.o(i.EXTI_ClearITPendingBit) for EXTI_ClearITPendingBit
    stm32f10x_it.o(i.EXTI15_10_IRQHandler) refers to printfa.o(i.__0sprintf) for __2sprintf
    stm32f10x_it.o(i.EXTI15_10_IRQHandler) refers to strlen.o(.text) for strlen
    stm32f10x_it.o(i.EXTI15_10_IRQHandler) refers to mqtt.o(i.MQTT_PublishQs0) for MQTT_PublishQs0
    stm32f10x_it.o(i.EXTI15_10_IRQHandler) refers to process.o(.data) for PUMP_CONNECT_STATUS
    stm32f10x_it.o(i.EXTI15_10_IRQHandler) refers to stm32f10x_it.o(.conststring) for .conststring
    stm32f10x_it.o(i.EXTI9_5_IRQHandler) refers to stm32f10x_exti.o(i.EXTI_GetITStatus) for EXTI_GetITStatus
    stm32f10x_it.o(i.EXTI9_5_IRQHandler) refers to delay.o(i.delay_ms) for delay_ms
    stm32f10x_it.o(i.EXTI9_5_IRQHandler) refers to stm32f10x_gpio.o(i.GPIO_ReadInputDataBit) for GPIO_ReadInputDataBit
[...]
    i.RTC_ExitConfigMode                     0x08002484   Section        0  stm32f10x_rtc.o(i.RTC_ExitConfigMode)
    i.RTC_Get                                0x08002498   Section        0  rtc.o(i.RTC_Get)
    i.RTC_GetCounter                         0x08002598   Section        0  stm32f10x_rtc.o(i.RTC_GetCounter)
    i.RTC_GetITStatus                        0x080025ac   Section        0  stm32f10x_rtc.o(i.RTC_GetITStatus)
    i.RTC_Get_Week                           0x080025d0   Section        0  rtc.o(i.RTC_Get_Week)
    i.RTC_IRQHandler                         0x08002648   Section        0  stm32f10x_it.o(i.RTC_IRQHandler)
    i.RTC_ITConfig                           0x0800290c   Section        0  stm32f10x_rtc.o(i.RTC_ITConfig)
    i.RTC_Init                               0x0800292c   Section        0  rtc.o(i.RTC_Init)
    i.RTC_NVIC_Config                        0x080029ec   Section        0  rtc.o(i.RTC_NVIC_Config)
    RTC_NVIC_Config                          0x080029ed   Thumb Code    32  rtc.o(i.RTC_NVIC_Config)
    i.RTC_Set                                0x08002a0c   Section        0  rtc.o(i.RTC_Set)
    i.RTC_SetCounter                         0x08002ad4   Section        0  stm32f10x_rtc.o(i.RTC_SetCounter)
    i.RTC_SetPrescaler                       0x08002af0   Section        0  stm32f10x_rtc.o(i.RTC_SetPrescaler)
    i.RTC_WaitForLastTask                    0x08002b10   Section        0  stm32f10x_rtc.o(i.RTC_WaitForLastTask)
    i.RTC_WaitForSynchro                     0x08002b24   Section        0  stm32f10x_rtc.o(i.RTC_WaitForSynchro)
    i.STMFLASH_Read                          0x08002b48   Section        0  stmflash.o(i.STMFLASH_Read)
    i.STMFLASH_ReadHalfWord                  0x08002b6a   Section        0  stmflash.o(i.STMFLASH_ReadHalfWord)
    i.STMFLASH_Write                         0x08002b70   Section        0  stmflash.o(i.STMFLASH_Write)
    i.STMFLASH_Write_NoCheck                 0x08002c58   Section        0  stmflash.o(i.STMFLASH_Write_NoCheck)
    i.SVC_Handler                            0x08002c7e   Section        0  stm32f10x_it.o(i.SVC_Handler)
    i.SYS_RST                                0x08002c80   Section        0  main.o(i.SYS_RST)
    i.SetSysClock                            0x08002cb0   Section        0  system_stm32f10x.o(i.SetSysClock)
    SetSysClock                              0x08002cb1   Thumb Code     8  system_stm32f10x.o(i.SetSysClock)
    i.SetSysClockTo72                        0x08002cb8   Section        0  system_stm32f10x.o(i.SetSysClockTo72)
    SetSysClockTo72                          0x08002cb9   Thumb Code   214  system_stm32f10x.o(i.SetSysClockTo72)
    i.SysTick_CLKSourceConfig                0x08002d98   Section        0  misc.o(i.SysTick_CLKSourceConfig)
    i.SysTick_Handler                        0x08002dc0   Section        0  stm32f10x_it.o(i.SysTick_Handler)
    i.SystemInit                             0x08002dc4   Section        0  system_stm32f10x.o(i.SystemInit)
    i.TIM2_ENABLE_30S                        0x08002e24   Section        0  timer2.o(i.TIM2_ENABLE_30S)
    i.TIM2_IRQHandler                        0x08002e9a   Section        0  stm32f10x_it.o(i.TIM2_IRQHandler)
    i.TIM3_ENABLE_2S                         0x08002eb4   Section        0  timer3.o(i.TIM3_ENABLE_2S)
    i.TIM3_ENABLE_30S                        0x08002f2c   Section        0  timer3.o(i.TIM3_ENABLE_30S)
    i.TIM3_IRQHandler                        0x08002fa4   Section        0  stm32f10x_it.o(i.TIM3_IRQHandler)
    i.TIM4_IRQHandler                        0x08003014   Section        0  stm32f10x_it.o(i.TIM4_IRQHandler)
    i.TIM4_Init                              0x080030c4   Section        0  timer4.o(i.TIM4_Init)
    i.TIM5_ENABLE_1S                         0x08003134   Section        0  timer3.o(i.TIM5_ENABLE_1S)
    i.TIM5_IRQHandler                        0x080031ac   Section        0  stm32f10x_it.o(i.TIM5_IRQHandler)
    i.TIM_ClearITPendingBit                  0x0800325c   Section        0  stm32f10x_tim.o(i.TIM_ClearITPendingBit)
    i.TIM_Cmd                                0x08003262   Section        0  stm32f10x_tim.o(i.TIM_Cmd)
    i.TIM_DeInit                             0x0800327c   Section        0  stm32f10x_tim.o(i.TIM_DeInit)
    i.TIM_GetITStatus                        0x08003464   Section        0  stm32f10x_tim.o(i.TIM_GetITStatus)
    i.TIM_ITConfig                           0x08003486   Section        0  stm32f10x_tim.o(i.TIM_ITConfig)
    i.TIM_SetCounter                         0x08003498   Section        0  stm32f10x_tim.o(i.TIM_SetCounter)
    i.TIM_TimeBaseInit                       0x0800349c   Section        0  stm32f10x_tim.o(i.TIM_TimeBaseInit)
    i.TempHumi_State                         0x08003540   Section        0  main.o(i.TempHumi_State)
    i.TxDataBuf_Deal                         0x08003744   Section        0  mqtt.o(i.TxDataBuf_Deal)
    i.USART2_IRQHandler                      0x080037a8   Section        0  stm32f10x_it.o(i.USART2_IRQHandler)
    i.USART_ClearFlag                        0x08003824   Section        0  stm32f10x_usart.o(i.USART_ClearFlag)
    i.USART_Cmd                              0x08003836   Section        0  stm32f10x_usart.o(i.USART_Cmd)
    i.USART_DeInit                           0x08003850   Section        0  stm32f10x_usart.o(i.USART_DeInit)
    i.USART_GetITStatus                      0x080038ec   Section        0  stm32f10x_usart.o(i.USART_GetITStatus)
    i.USART_ITConfig                         0x08003940   Section        0  stm32f10x_usart.o(i.USART_ITConfig)
    i.USART_Init                             0x0800398c   Section        0  stm32f10x_usart.o(i.USART_Init)
    i.UsageFault_Handler                     0x08003a64   Section        0  stm32f10x_it.o(i.UsageFault_Handler)
    i.Usart1_Init                            0x08003a68   Section        0  usart1.o(i.Usart1_Init)
    i.Usart2_Init                            0x08003ae8   Section        0  usart2.o(i.Usart2_Init)
    i.WIFI_AP_CONNECT                        0x08003ba0   Section        0  wifi.o(i.WIFI_AP_CONNECT)
    i.WIFI_SEND_CMD                          0x08003c8c   Section        0  wifi.o(i.WIFI_SEND_CMD)
    i.WIFI_receive_passwad                   0x08003d10   Section        0  process.o(i.WIFI_receive_passwad)
    i.WiFi_Connect_IoTServer                 0x08003edc   Section        0  wifi.o(i.WiFi_Connect_IoTServer)
    i.WiFi_Connect_Server                    0x080041e0   Section        0  wifi.o(i.WiFi_Connect_Server)
    i.WiFi_JoinAP                            0x08004330   Section        0  wifi.o(i.WiFi_JoinAP)
    i.WiFi_Reset                             0x080043e4   Section        0  wifi.o(i.WiFi_Reset)
    i.WiFi_ResetIO_Init                      0x08004454   Section        0  wifi.o(i.WiFi_ResetIO_Init)
    i.WiFi_SendCmd                           0x08004488   Section        0  wifi.o(i.WiFi_SendCmd)
    i.Wifi_send_str                          0x080044fc   Section        0  wifi.o(i.Wifi_send_str)
    i.__0sprintf                             0x08004548   Section        0  printfa.o(i.__0sprintf)
    i.__0vsprintf                            0x08004570   Section        0  printfa.o(i.__0vsprintf)
    i.__ARM_fpclassify                       0x08004594   Section        0  fpclassify.o(i.__ARM_fpclassify)
    i.__kernel_poly                          0x080045bc   Section        0  poly.o(i.__kernel_poly)
    i.__mathlib_dbl_divzero                  0x08004668   Section        0  dunder.o(i.__mathlib_dbl_divzero)
    i.__mathlib_dbl_infnan2                  0x08004678   Section        0  dunder.o(i.__mathlib_dbl_infnan2)
    i.__mathlib_dbl_invalid                  0x0800467c   Section        0  dunder.o(i.__mathlib_dbl_invalid)
    i.__mathlib_dbl_overflow                 0x08004688   Section        0  dunder.o(i.__mathlib_dbl_overflow)
    i.__mathlib_dbl_underflow                0x08004698   Section        0  dunder.o(i.__mathlib_dbl_underflow)
    i.__scatterload_copy                     0x080046a8   Section       14  handlers.o(i.__scatterload_copy)
    i.__scatterload_null                     0x080046b6   Section        2  handlers.o(i.__scatterload_null)
    i.__scatterload_zeroinit                 0x080046b8   Section       14  handlers.o(i.__scatterload_zeroinit)
    i.__set_errno                            0x080046c8   Section        0  errno.o(i.__set_errno)
    i._fp_digits                             0x080046d4   Section        0  printfa.o(i._fp_digits)
    _fp_digits                               0x080046d5   Thumb Code   334  printfa.o(i._fp_digits)
    i._printf_core                           0x08004838   Section        0  printfa.o(i._printf_core)
    _printf_core                             0x08004839   Thumb Code  1744  printfa.o(i._printf_core)
    i._printf_post_padding                   0x08004f14   Section        0  printfa.o(i._printf_post_padding)
    _printf_post_padding                     0x08004f15   Thumb Code    36  printfa.o(i._printf_post_padding)
    i._printf_pre_padding                    0x08004f38   Section        0  printfa.o(i._printf_pre_padding)
    _printf_pre_padding                      0x08004f39   Thumb Code    46  printfa.o(i._printf_pre_padding)
    i._sputc                                 0x08004f66   Section        0  printfa.o(i._sputc)
    _sputc                                   0x08004f67   Thumb Code    10  printfa.o(i._sputc)
    i.cJSON_Delete                           0x08004f70   Section        0  cjson.o(i.cJSON_Delete)
    i.cJSON_GetObjectItem                    0x08004fc0   Section        0  cjson.o(i.cJSON_GetObjectItem)
    i.cJSON_New_Item                         0x08004fe0   Section        0  cjson.o(i.cJSON_New_Item)
    cJSON_New_Item                           0x08004fe1   Thumb Code    26  cjson.o(i.cJSON_New_Item)
    i.cJSON_Parse                            0x08005000   Section        0  cjson.o(i.cJSON_Parse)
    i.cJSON_ParseWithOpts                    0x08005010   Section        0  cjson.o(i.cJSON_ParseWithOpts)
    i.cJSON_strcasecmp                       0x08005074   Section        0  cjson.o(i.cJSON_strcasecmp)
    cJSON_strcasecmp                         0x08005075   Thumb Code    76  cjson.o(i.cJSON_strcasecmp)
    i.connect_toRouter                       0x080050c0   Section        0  process.o(i.connect_toRouter)
    i.delay_ms                               0x080051f8   Section        0  delay.o(i.delay_ms)
    i.getAllHimidity                         0x080052f0   Section        0  adc.o(i.getAllHimidity)
    i.getEnvirmentLux                        0x08005310   Section        0  adc.o(i.getEnvirmentLux)
    i.getHumdity_ch                          0x08005344   Section        0  adc.o(i.getHumdity_ch)
    i.main                                   0x08005398   Section        0  main.o(i.main)
    i.mem_free                               0x0800543c   Section        0  malloc.o(i.mem_free)
    i.mem_init                               0x08005484   Section        0  malloc.o(i.mem_init)
    i.mem_malloc                             0x080054b0   Section        0  malloc.o(i.mem_malloc)
    i.mem_perused                            0x08005528   Section        0  malloc.o(i.mem_perused)
    i.mqtt_CMD_analyzing                     0x08005550   Section        0  process.o(i.mqtt_CMD_analyzing)
    i.mqtt_cmdbuf_process                    0x08005708   Section        0  process.o(i.mqtt_cmdbuf_process)
    i.mqtt_rxbuf_process                     0x08005768   Section        0  process.o(i.mqtt_rxbuf_process)
    i.mqtt_txbuf_process                     0x08005a40   Section        0  process.o(i.mqtt_txbuf_process)
    i.myfree                                 0x08005ad0   Section        0  malloc.o(i.myfree)
    i.mymalloc                               0x08005aec   Section        0  malloc.o(i.mymalloc)
    i.mymemset                               0x08005b0c   Section        0  malloc.o(i.mymemset)
    i.parse_array                            0x08005b20   Section        0  cjson.o(i.parse_array)
    parse_array                              0x08005b21   Thumb Code   168  cjson.o(i.parse_array)
    i.parse_hex4                             0x08005bcc   Section        0  cjson.o(i.parse_hex4)
    parse_hex4                               0x08005bcd   Thumb Code   276  cjson.o(i.parse_hex4)
    i.parse_number                           0x08005ce0   Section        0  cjson.o(i.parse_number)
    parse_number                             0x08005ce1   Thumb Code   432  cjson.o(i.parse_number)
    i.parse_object                           0x08005e9c   Section        0  cjson.o(i.parse_object)
    parse_object                             0x08005e9d   Thumb Code   272  cjson.o(i.parse_object)
    i.parse_string                           0x08005fb0   Section        0  cjson.o(i.parse_string)
    parse_string                             0x08005fb1   Thumb Code   448  cjson.o(i.parse_string)
    i.parse_value                            0x0800617c   Section        0  cjson.o(i.parse_value)
    parse_value                              0x0800617d   Thumb Code   158  cjson.o(i.parse_value)
    i.pow                                    0x08006238   Section        0  pow.o(i.pow)
    i.pumpSetTim                             0x08006bf0   Section        0  process.o(i.pumpSetTim)
    i.skip                                   0x08006eb8   Section        0  cjson.o(i.skip)
    skip                                     0x08006eb9   Thumb Code    18  cjson.o(i.skip)
    i.sqrt                                   0x08006eca   Section        0  sqrt.o(i.sqrt)
    i.u1_printf                              0x08006f18   Section        0  usart1.o(i.u1_printf)
    i.u2_TxData                              0x08006f74   Section        0  usart2.o(i.u2_TxData)
    i.u2_printf                              0x08006fb4   Section        0  usart2.o(i.u2_printf)
    i.utils_hb2hex                           0x08007010   Section        0  utils_md5.o(i.utils_hb2hex)
    i.utils_hmac_sha1                        0x08007028   Section        0  utils_hmac.o(i.utils_hmac_sha1)
    i.utils_sha1_finish                      0x08007110   Section        0  utils_sha1.o(i.utils_sha1_finish)
    i.utils_sha1_init                        0x080071f8   Section        0  utils_sha1.o(i.utils_sha1_init)
    i.utils_sha1_process                     0x08007208   Section        0  utils_sha1.o(i.utils_sha1_process)
    i.utils_sha1_starts                      0x08008b24   Section        0  utils_sha1.o(i.utils_sha1_starts)
    i.utils_sha1_update                      0x08008b50   Section        0  utils_sha1.o(i.utils_sha1_update)
    .constdata                               0x08008bcc   Section       24  rtc.o(.constdata)
    .constdata                               0x08008be4   Section       64  utils_sha1.o(.constdata)
    iot_sha1_padding                         0x08008be4   Data          64  utils_sha1.o(.constdata)
    .constdata                               0x08008c24   Section        7  cjson.o(.constdata)
    firstByteMark                            0x08008c24   Data           7  cjson.o(.constdata)
    .constdata                               0x08008c30   Section      136  pow.o(.constdata)
    bp                                       0x08008c30   Data          16  pow.o(.constdata)
    dp_h                                     0x08008c40   Data          16  pow.o(.constdata)
    dp_l                                     0x08008c50   Data          16  pow.o(.constdata)
    L                                        0x08008c60   Data          48  pow.o(.constdata)
    P                                        0x08008c90   Data          40  pow.o(.constdata)
    .constdata                               0x08008cb8   Section        8  qnan.o(.constdata)
    .conststring                             0x08008cc0   Section      293  main.o(.conststring)
    .conststring                             0x08008de8   Section      130  stm32f10x_it.o(.conststring)
    .data                                    0x20000000   Section        8  usart2.o(.data)
    .data                                    0x20000008   Section        8  led.o(.data)
    .data                                    0x20000010   Section        3  wifi.o(.data)
    .data                                    0x20000014   Section       68  mqtt.o(.data)
    .data                                    0x20000058   Section        2  rtc.o(.data)
    daycnt                                   0x20000058   Data           2  rtc.o(.data)
    .data                                    0x2000005a   Section       20  stm32f10x_rcc.o(.data)
    APBAHBPrescTable                         0x2000005a   Data          16  stm32f10x_rcc.o(.data)
    ADCPrescTable                            0x2000006a   Data           4  stm32f10x_rcc.o(.data)
    .data                                    0x2000006e   Section        8  process.o(.data)
    .data                                    0x20000078   Section       12  cjson.o(.data)
    ep                                       0x20000078   Data           4  cjson.o(.data)
    cJSON_malloc                             0x2000007c   Data           4  cjson.o(.data)
    cJSON_free                               0x20000080   Data           4  cjson.o(.data)
    .data                                    0x20000084   Section       20  malloc.o(.data)
    .data                                    0x20000098   Section        4  errno.o(.data)
    _errno                                   0x20000098   Data           4  errno.o(.data)
    .bss                                     0x200000a0   Section      256  usart1.o(.bss)
    .bss                                     0x200001a0   Section     8191  usart2.o(.bss)
    .bss                                     0x2000219f   Section      100  wifi.o(.bss)
    .bss                                     0x20002203   Section    25512  mqtt.o(.bss)
    .bss                                     0x200085ac   Section     2048  stmflash.o(.bss)
    .bss                                     0x20008dac   Section       10  rtc.o(.bss)
    .bss                                     0x20008db8   Section      368  process.o(.bss)
    .bss                                     0x20008f28   Section    17408  malloc.o(.bss)
    STACK                                    0x2000d328   Section     1024  startup_stm32f10x_hd.o(STACK)

    Global Symbols

    Symbol Name                              Value     Ov Type        Size  Object(Section)

    BuildAttributes$$THM_ISAv4$P$D$K$B$S$PE$A:L22UL41UL21$X:L11$S22US41US21$IEEE1$IW$USESV6$~STKCKD$USESV7$~SHL$OTIME$ROPI$IEEEX$EBA8$MICROLIB$REQ8$PRES8$EABIv2 0x00000000   Number         0  anon$$obj.o ABSOLUTE
    __ARM_use_no_argv                        0x00000000   Number         0  main.o ABSOLUTE
    _printf_a                                0x00000000   Number         0  stubs.o ABSOLUTE
    _printf_c                                0x00000000   Number         0  stubs.o ABSOLUTE
    _printf_charcount                        0x00000000   Number         0  stubs.o ABSOLUTE
    _printf_d                                0x00000000   Number         0  stubs.o ABSOLUTE
    _printf_e                                0x00000000   Number         0  stubs.o ABSOLUTE
    _printf_f                                0x00000000   Number         0  stubs.o ABSOLUTE
    _printf_flags                            0x00000000   Number         0  stubs.o ABSOLUTE
    _printf_fp_dec                           0x00000000   Number         0  stubs.o ABSOLUTE
    _printf_fp_hex                           0x00000000   Number         0  stubs.o ABSOLUTE
    _printf_g                                0x00000000   Number         0  stubs.o ABSOLUTE
    _printf_i                                0x00000000   Number         0  stubs.o ABSOLUTE
    _printf_int_dec                          0x00000000   Number         0  stubs.o ABSOLUTE
    _printf_l                                0x00000000   Number         0  stubs.o ABSOLUTE
    _printf_lc                               0x00000000   Number         0  stubs.o ABSOLUTE
    _printf_ll                               0x00000000   Number         0  stubs.o ABSOLUTE
    _printf_lld                              0x00000000   Number         0  stubs.o ABSOLUTE
    _printf_lli                              0x00000000   Number         0  stubs.o ABSOLUTE
    _printf_llo                              0x00000000   Number         0  stubs.o ABSOLUTE
    _printf_llu                              0x00000000   Number         0  stubs.o ABSOLUTE
    _printf_llx                              0x00000000   Number         0  stubs.o ABSOLUTE
    _printf_longlong_dec                     0x00000000   Number         0  stubs.o ABSOLUTE
    _printf_longlong_hex                     0x00000000   Number         0  stubs.o ABSOLUTE
    _printf_longlong_oct                     0x00000000   Number         0  stubs.o ABSOLUTE
    _printf_ls                               0x00000000   Number         0  stubs.o ABSOLUTE
    _printf_mbtowc                           0x00000000   Number         0  stubs.o ABSOLUTE
    _printf_n                                0x00000000   Number         0  stubs.o ABSOLUTE
    _printf_o                                0x00000000   Number         0  stubs.o ABSOLUTE
    _printf_p                                0x00000000   Number         0  stubs.o ABSOLUTE
    _printf_percent                          0x00000000   Number         0  stubs.o ABSOLUTE
    _printf_pre_padding                      0x00000000   Number         0  stubs.o ABSOLUTE
    _printf_return_value                     0x00000000   Number         0  stubs.o ABSOLUTE
    _printf_s                                0x00000000   Number         0  stubs.o ABSOLUTE
    _printf_sizespec                         0x00000000   Number         0  stubs.o ABSOLUTE
    _printf_str                              0x00000000   Number         0  stubs.o ABSOLUTE
    _printf_truncate_signed                  0x00000000   Number         0  stubs.o ABSOLUTE
    _printf_truncate_unsigned                0x00000000   Number         0  stubs.o ABSOLUTE
    _printf_u                                0x00000000   Number         0  stubs.o ABSOLUTE
    _printf_wc                               0x00000000   Number         0  stubs.o ABSOLUTE
    _printf_wctomb                           0x00000000   Number         0  stubs.o ABSOLUTE
    _printf_widthprec                        0x00000000   Number         0  stubs.o ABSOLUTE
    _printf_x                                0x00000000   Number         0  stubs.o ABSOLUTE
    __cpp_initialize__aeabi_                  - Undefined Weak Reference
    __cxa_finalize                            - Undefined Weak Reference
    __decompress                              - Undefined Weak Reference
    _clock_init                               - Undefined Weak Reference
    _microlib_exit                            - Undefined Weak Reference
    __Vectors_Size                           0x00000130   Number         0  startup_stm32f10x_hd.o ABSOLUTE
    __Vectors                                0x08000000   Data           4  startup_stm32f10x_hd.o(RESET)
    __Vectors_End                            0x08000130   Data           0  startup_stm32f10x_hd.o(RESET)
    __main                                   0x08000131   Thumb Code     0  entry.o(.ARM.Collect$$$$00000000)
    _main_stk                                0x08000131   Thumb Code     0  entry2.o(.ARM.Collect$$$$00000001)
    _main_scatterload                        0x08000135   Thumb Code     0  entry5.o(.ARM.Collect$$$$00000004)
    __main_after_scatterload                 0x08000139   Thumb Code     0  entry5.o(.ARM.Collect$$$$00000004)
    _main_clock                              0x08000139   Thumb Code     0  entry7b.o(.ARM.Collect$$$$00000008)
    _main_cpp_init                           0x08000139   Thumb Code     0  entry8b.o(.ARM.Collect$$$$0000000A)
    _main_init                               0x08000139   Thumb Code     0  entry9a.o(.ARM.Collect$$$$0000000B)
    __rt_final_cpp                           0x08000141   Thumb Code     0  entry10a.o(.ARM.Collect$$$$0000000D)
    __rt_final_exit                          0x08000141   Thumb Code     0  entry11a.o(.ARM.Collect$$$$0000000F)
    Reset_Handler                            0x08000145   Thumb Code     8  startup_stm32f10x_hd.o(.text)
    ADC1_2_IRQHandler                        0x0800015f   Thumb Code     0  startup_stm32f10x_hd.o(.text)
    ADC3_IRQHandler                          0x0800015f   Thumb Code     0  startup_stm32f10x_hd.o(.text)
    CAN1_RX1_IRQHandler                      0x0800015f   Thumb Code     0  startup_stm32f10x_hd.o(.text)
    CAN1_SCE_IRQHandler                      0x0800015f   Thumb Code     0  startup_stm32f10x_hd.o(.text)
    DMA1_Channel1_IRQHandler                 0x0800015f   Thumb Code     0  startup_stm32f10x_hd.o(.text)
    DMA1_Channel2_IRQHandler                 0x0800015f   Thumb Code     0  startup_stm32f10x_hd.o(.text)
    DMA1_Channel3_IRQHandler                 0x0800015f   Thumb Code     0  startup_stm32f10x_hd.o(.text)
    DMA1_Channel4_IRQHandler                 0x0800015f   Thumb Code     0  startup_stm32f10x_hd.o(.text)
    DMA1_Channel5_IRQHandler                 0x0800015f   Thumb Code     0  startup_stm32f10x_hd.o(.text)
    DMA1_Channel6_IRQHandler                 0x0800015f   Thumb Code     0  startup_stm32f10x_hd.o(.text)
    DMA1_Channel7_IRQHandler                 0x0800015f   Thumb Code     0  startup_stm32f10x_hd.o(.text)
    DMA2_Channel1_IRQHandler                 0x0800015f   Thumb Code     0  startup_stm32f10x_hd.o(.text)
    DMA2_Channel2_IRQHandler                 0x0800015f   Thumb Code     0  startup_stm32f10x_hd.o(.text)
    DMA2_Channel3_IRQHandler                 0x0800015f   Thumb Code     0  startup_stm32f10x_hd.o(.text)
    DMA2_Channel4_5_IRQHandler               0x0800015f   Thumb Code     0  startup_stm32f10x_hd.o(.text)
    EXTI0_IRQHandler                         0x0800015f   Thumb Code     0  startup_stm32f10x_hd.o(.text)
    EXTI1_IRQHandler                         0x0800015f   Thumb Code     0  startup_stm32f10x_hd.o(.text)
    EXTI2_IRQHandler                         0x0800015f   Thumb Code     0  startup_stm32f10x_hd.o(.text)
    EXTI3_IRQHandler                         0x0800015f   Thumb Code     0  startup_stm32f10x_hd.o(.text)
    EXTI4_IRQHandler                         0x0800015f   Thumb Code     0  startup_stm32f10x_hd.o(.text)
    FLASH_IRQHandler                         0x0800015f   Thumb Code     0  startup_stm32f10x_hd.o(.text)
    FSMC_IRQHandler                          0x0800015f   Thumb Code     0  startup_stm32f10x_hd.o(.text)
    I2C1_ER_IRQHandler                       0x0800015f   Thumb Code     0  startup_stm32f10x_hd.o(.text)
    I2C1_EV_IRQHandler                       0x0800015f   Thumb Code     0  startup_stm32f10x_hd.o(.text)
    I2C2_ER_IRQHandler                       0x0800015f   Thumb Code     0  startup_stm32f10x_hd.o(.text)
    I2C2_EV_IRQHandler                       0x0800015f   Thumb Code     0  startup_stm32f10x_hd.o(.text)
    PVD_IRQHandler                           0x0800015f   Thumb Code     0  startup_stm32f10x_hd.o(.text)
    RCC_IRQHandler                           0x0800015f   Thumb Code     0  startup_stm32f10x_hd.o(.text)
    RTCAlarm_IRQHandler                      0x0800015f   Thumb Code     0  startup_stm32f10x_hd.o(.text)
    SDIO_IRQHandler                          0x0800015f   Thumb Code     0  startup_stm32f10x_hd.o(.text)
    SPI1_IRQHandler                          0x0800015f   Thumb Code     0  startup_stm32f10x_hd.o(.text)
    SPI2_IRQHandler                          0x0800015f   Thumb Code     0  startup_stm32f10x_hd.o(.text)
    SPI3_IRQHandler                          0x0800015f   Thumb Code     0  startup_stm32f10x_hd.o(.text)
    TAMPER_IRQHandler                        0x0800015f   Thumb Code     0  startup_stm32f10x_hd.o(.text)
    TIM1_BRK_IRQHandler                      0x0800015f   Thumb Code     0  startup_stm32f10x_hd.o(.text)
    TIM1_CC_IRQHandler                       0x0800015f   Thumb Code     0  startup_stm32f10x_hd.o(.text)
    TIM1_TRG_COM_IRQHandler                  0x0800015f   Thumb Code     0  startup_stm32f10x_hd.o(.text)
    TIM1_UP_IRQHandler                       0x0800015f   Thumb Code     0  startup_stm32f10x_hd.o(.text)
    TIM6_IRQHandler                          0x0800015f   Thumb Code     0  startup_stm32f10x_hd.o(.text)
    TIM7_IRQHandler                          0x0800015f   Thumb Code     0  startup_stm32f10x_hd.o(.text)
    TIM8_BRK_IRQHandler                      0x0800015f   Thumb Code     0  startup_stm32f10x_hd.o(.text)
    TIM8_CC_IRQHandler                       0x0800015f   Thumb Code     0  startup_stm32f10x_hd.o(.text)
    TIM8_TRG_COM_IRQHandler                  0x0800015f   Thumb Code     0  startup_stm32f10x_hd.o(.text)
    TIM8_UP_IRQHandler                       0x0800015f   Thumb Code     0  startup_stm32f10x_hd.o(.text)
    UART4_IRQHandler                         0x0800015f   Thumb Code     0  startup_stm32f10x_hd.o(.text)
    UART5_IRQHandler                         0x0800015f   Thumb Code     0  startup_stm32f10x_hd.o(.text)
    USART1_IRQHandler                        0x0800015f   Thumb Code     0  startup_stm32f10x_hd.o(.text)
    USART3_IRQHandler                        0x0800015f   Thumb Code     0  startup_stm32f10x_hd.o(.text)
    USBWakeUp_IRQHandler                     0x0800015f   Thumb Code     0  startup_stm32f10x_hd.o(.text)
    USB_HP_CAN1_TX_IRQHandler                0x0800015f   Thumb Code     0  startup_stm32f10x_hd.o(.text)
    USB_LP_CAN1_RX0_IRQHandler               0x0800015f   Thumb Code     0  startup_stm32f10x_hd.o(.text)
    WWDG_IRQHandler                          0x0800015f   Thumb Code     0  startup_stm32f10x_hd.o(.text)
    tolower                                  0x08000169   Thumb Code    12  tolower.o(.text)
    __aeabi_memcpy                           0x08000175   Thumb Code    36  memcpya.o(.text)
    __aeabi_memcpy4                          0x08000175   Thumb Code     0  memcpya.o(.text)
    __aeabi_memcpy8                          0x08000175   Thumb Code     0  memcpya.o(.text)
    __aeabi_memset                           0x08000199   Thumb Code    14  memseta.o(.text)
    __aeabi_memset4                          0x08000199   Thumb Code     0  memseta.o(.text)
    __aeabi_memset8                          0x08000199   Thumb Code     0  memseta.o(.text)
    __aeabi_memclr                           0x080001a7   Thumb Code     4  memseta.o(.text)
    __aeabi_memclr4                          0x080001a7   Thumb Code     0  memseta.o(.text)
    __aeabi_memclr8                          0x080001a7   Thumb Code     0  memseta.o(.text)
    _memset$wrapper                          0x080001ab   Thumb Code    18  memseta.o(.text)
    strstr                                   0x080001bd   Thumb Code    36  strstr.o(.text)
    strlen                                   0x080001e1   Thumb Code    14  strlen.o(.text)
    strncmp                                  0x080001ef   Thumb Code    30  strncmp.o(.text)
    __aeabi_dadd                             0x0800020d   Thumb Code   322  dadd.o(.text)
    __aeabi_dsub                             0x0800034f   Thumb Code     6  dadd.o(.text)
    __aeabi_drsub                            0x08000355   Thumb Code     6  dadd.o(.text)
    __aeabi_dmul                             0x0800035b   Thumb Code   228  dmul.o(.text)
    __aeabi_ddiv                             0x0800043f   Thumb Code   222  ddiv.o(.text)
    __aeabi_i2f                              0x0800051d   Thumb Code    18  fflti.o(.text)
    __aeabi_i2d                              0x0800052f   Thumb Code    34  dflti.o(.text)
    __aeabi_ui2d                             0x08000551   Thumb Code    26  dfltui.o(.text)
    __aeabi_d2iz                             0x0800056b   Thumb Code    62  dfixi.o(.text)
    __aeabi_f2d                              0x080005a9   Thumb Code    38  f2d.o(.text)
    __aeabi_cdcmpeq                          0x080005d1   Thumb Code     0  cdcmple.o(.text)
    __aeabi_cdcmple                          0x080005d1   Thumb Code    48  cdcmple.o(.text)
    __aeabi_cdrcmple                         0x08000601   Thumb Code    48  cdrcmple.o(.text)
    __aeabi_uidiv                            0x08000631   Thumb Code     0  uidiv.o(.text)
    __aeabi_uidivmod                         0x08000631   Thumb Code    44  uidiv.o(.text)
    __aeabi_uldivmod                         0x0800065d   Thumb Code    98  uldiv.o(.text)
    __aeabi_llsl                             0x080006bf   Thumb Code    30  llshl.o(.text)
    _ll_shift_l                              0x080006bf   Thumb Code     0  llshl.o(.text)
    __aeabi_llsr                             0x080006dd   Thumb Code    32  llushr.o(.text)
    _ll_ushift_r                             0x080006dd   Thumb Code     0  llushr.o(.text)
    __aeabi_lasr                             0x080006fd   Thumb Code    36  llsshr.o(.text)
    _ll_sshift_r                             0x080006fd   Thumb Code     0  llsshr.o(.text)
    __I$use$fp                               0x08000721   Thumb Code     0  iusefp.o(.text)
    _float_round                             0x08000721   Thumb Code    18  fepilogue.o(.text)
    _float_epilogue                          0x08000733   Thumb Code    92  fepilogue.o(.text)
    _double_round                            0x0800078f   Thumb Code    30  depilogue.o(.text)
    _double_epilogue                         0x080007ad   Thumb Code   156  depilogue.o(.text)
    __ARM_scalbn                             0x08000849   Thumb Code    46  dscalb.o(.text)
    scalbn                                   0x08000849   Thumb Code     0  dscalb.o(.text)
    __aeabi_d2ulz                            0x08000877   Thumb Code    48  dfixul.o(.text)
    __scatterload                            0x080008a9   Thumb Code    28  init.o(.text)
    __scatterload_rt2                        0x080008a9   Thumb Code     0  init.o(.text)
    _dsqrt                                   0x080008cd   Thumb Code   162  dsqrt.o(.text)
    ADC_Cmd                                  0x0800096f   Thumb Code    22  stm32f10x_adc.o(i.ADC_Cmd)
    ADC_DeInit                               0x08000985   Thumb Code    78  stm32f10x_adc.o(i.ADC_DeInit)
    ADC_GetCalibrationStatus                 0x080009e1   Thumb Code    20  stm32f10x_adc.o(i.ADC_GetCalibrationStatus)
    ADC_GetConversionValue                   0x080009f5   Thumb Code     8  stm32f10x_adc.o(i.ADC_GetConversionValue)
    ADC_GetFlagStatus                        0x080009fd   Thumb Code    18  stm32f10x_adc.o(i.ADC_GetFlagStatus)
    ADC_GetResetCalibrationStatus            0x08000a0f   Thumb Code    20  stm32f10x_adc.o(i.ADC_GetResetCalibrationStatus)
    ADC_Init                                 0x08000a25   Thumb Code    70  stm32f10x_adc.o(i.ADC_Init)
    ADC_RegularChannelConfig                 0x08000a75   Thumb Code   184  stm32f10x_adc.o(i.ADC_RegularChannelConfig)
    ADC_ResetCalibration                     0x08000b2d   Thumb Code    10  stm32f10x_adc.o(i.ADC_ResetCalibration)
    ADC_SoftwareStartConvCmd                 0x08000b37   Thumb Code    22  stm32f10x_adc.o(i.ADC_SoftwareStartConvCmd)
    ADC_StartCalibration                     0x08000b4d   Thumb Code    10  stm32f10x_adc.o(i.ADC_StartCalibration)
    Adc_Init                                 0x08000b59   Thumb Code   172  adc.o(i.Adc_Init)
    AliIoT_Parameter_Init                    0x08000c15   Thumb Code   194  mqtt.o(i.AliIoT_Parameter_Init)
    BKP_DeInit                               0x08000df1   Thumb Code    16  stm32f10x_bkp.o(i.BKP_DeInit)
    BKP_ReadBackupRegister                   0x08000e01   Thumb Code    24  stm32f10x_bkp.o(i.BKP_ReadBackupRegister)
    BKP_WriteBackupRegister                  0x08000e1d   Thumb Code    22  stm32f10x_bkp.o(i.BKP_WriteBackupRegister)
    BusFault_Handler                         0x08000e39   Thumb Code     2  stm32f10x_it.o(i.BusFault_Handler)
    CMDBuf_Deal                              0x08000e3d   Thumb Code    96  mqtt.o(i.CMDBuf_Deal)
    DS18B20_Check                            0x08000ea9   Thumb Code    92  ds18b20.o(i.DS18B20_Check)
    DS18B20_Get_ActualTemp                   0x08000f0d   Thumb Code   156  ds18b20.o(i.DS18B20_Get_ActualTemp)
    DS18B20_Get_Temp                         0x08000fb1   Thumb Code   136  ds18b20.o(i.DS18B20_Get_Temp)
    DS18B20_Init                             0x0800103d   Thumb Code    54  ds18b20.o(i.DS18B20_Init)
    DS18B20_Read_Bit                         0x08001079   Thumb Code    96  ds18b20.o(i.DS18B20_Read_Bit)
    DS18B20_Read_Byte                        0x080010e5   Thumb Code    34  ds18b20.o(i.DS18B20_Read_Byte)
    DS18B20_Rst                              0x08001109   Thumb Code    54  ds18b20.o(i.DS18B20_Rst)
    DS18B20_Start                            0x0800114d   Thumb Code    24  ds18b20.o(i.DS18B20_Start)
    DS18B20_Write_Byte                       0x08001165   Thumb Code   102  ds18b20.o(i.DS18B20_Write_Byte)
    DebugMon_Handler                         0x080011d9   Thumb Code     2  stm32f10x_it.o(i.DebugMon_Handler)
    Delay_Init                               0x080011db   Thumb Code    12  delay.o(i.Delay_Init)
    Delay_Us                                 0x080011e7   Thumb Code    66  delay.o(i.Delay_Us)
    EXTI15_10_IRQHandler                     0x08001229   Thumb Code   396  stm32f10x_it.o(i.EXTI15_10_IRQHandler)
    EXTI9_5_IRQHandler                       0x08001439   Thumb Code   380  stm32f10x_it.o(i.EXTI9_5_IRQHandler)
    EXTIX_Init                               0x08001641   Thumb Code   228  led.o(i.EXTIX_Init)
    EXTI_ClearITPendingBit                   0x08001725   Thumb Code     6  stm32f10x_exti.o(i.EXTI_ClearITPendingBit)
    EXTI_GetITStatus                         0x08001731   Thumb Code    34  stm32f10x_exti.o(i.EXTI_GetITStatus)
    EXTI_Init                                0x08001759   Thumb Code   142  stm32f10x_exti.o(i.EXTI_Init)
    FLASH_ErasePage                          0x080017ed   Thumb Code    72  stm32f10x_flash.o(i.FLASH_ErasePage)
    FLASH_GetBank1Status                     0x08001839   Thumb Code    48  stm32f10x_flash.o(i.FLASH_GetBank1Status)
    FLASH_Lock                               0x0800186d   Thumb Code    14  stm32f10x_flash.o(i.FLASH_Lock)
    FLASH_ProgramHalfWord                    0x08001881   Thumb Code    60  stm32f10x_flash.o(i.FLASH_ProgramHalfWord)
    FLASH_Unlock                             0x080018c1   Thumb Code    12  stm32f10x_flash.o(i.FLASH_Unlock)
    FLASH_WaitForLastOperation               0x080018d9   Thumb Code    38  stm32f10x_flash.o(i.FLASH_WaitForLastOperation)
    GPIO_EXTILineConfig                      0x08001901   Thumb Code    60  stm32f10x_gpio.o(i.GPIO_EXTILineConfig)
    GPIO_Init                                0x08001941   Thumb Code   278  stm32f10x_gpio.o(i.GPIO_Init)
    GPIO_ReadInputDataBit                    0x08001a57   Thumb Code    18  stm32f10x_gpio.o(i.GPIO_ReadInputDataBit)
    GPIO_SetBits                             0x08001a69   Thumb Code     4  stm32f10x_gpio.o(i.GPIO_SetBits)
    GPIO_WriteBit                            0x08001a6d   Thumb Code    10  stm32f10x_gpio.o(i.GPIO_WriteBit)
    Get_Adc                                  0x08001a79   Thumb Code    46  adc.o(i.Get_Adc)
    HardFault_Handler                        0x08001aad   Thumb Code     2  stm32f10x_it.o(i.HardFault_Handler)
    Is_Leap_Year                             0x08001aaf   Thumb Code    58  rtc.o(i.Is_Leap_Year)
    LED_Init                                 0x08001ae9   Thumb Code    96  led.o(i.LED_Init)
    MQTT_Buff_Init                           0x08001b55   Thumb Code    80  mqtt.o(i.MQTT_Buff_Init)
    MQTT_Buff_ReInit                         0x08001bf1   Thumb Code   178  mqtt.o(i.MQTT_Buff_ReInit)
    MQTT_ConectPack                          0x08001d01   Thumb Code   496  mqtt.o(i.MQTT_ConectPack)
    MQTT_DealPushdata_Qs0                    0x08001f19   Thumb Code   238  mqtt.o(i.MQTT_DealPushdata_Qs0)
    MQTT_PingREQ                             0x08002025   Thumb Code    22  mqtt.o(i.MQTT_PingREQ)
    MQTT_PublishQs0                          0x08002041   Thumb Code   220  mqtt.o(i.MQTT_PublishQs0)
    MQTT_Subscribe                           0x0800212d   Thumb Code   134  mqtt.o(i.MQTT_Subscribe)
    MemManage_Handler                        0x080021c5   Thumb Code     2  stm32f10x_it.o(i.MemManage_Handler)
    NMI_Handler                              0x080021c7   Thumb Code     2  stm32f10x_it.o(i.NMI_Handler)
    NVIC_Init                                0x080021c9   Thumb Code   100  misc.o(i.NVIC_Init)
    NVIC_PriorityGroupConfig                 0x08002239   Thumb Code    10  misc.o(i.NVIC_PriorityGroupConfig)
    PWR_BackupAccessCmd                      0x0800224d   Thumb Code     6  stm32f10x_pwr.o(i.PWR_BackupAccessCmd)
    PendSV_Handler                           0x08002259   Thumb Code     2  stm32f10x_it.o(i.PendSV_Handler)
    RCC_ADCCLKConfig                         0x0800225d   Thumb Code    18  stm32f10x_rcc.o(i.RCC_ADCCLKConfig)
    RCC_APB1PeriphClockCmd                   0x08002275   Thumb Code    26  stm32f10x_rcc.o(i.RCC_APB1PeriphClockCmd)
    RCC_APB1PeriphResetCmd                   0x08002295   Thumb Code    26  stm32f10x_rcc.o(i.RCC_APB1PeriphResetCmd)
    RCC_APB2PeriphClockCmd                   0x080022b5   Thumb Code    26  stm32f10x_rcc.o(i.RCC_APB2PeriphClockCmd)
    RCC_APB2PeriphResetCmd                   0x080022d5   Thumb Code    26  stm32f10x_rcc.o(i.RCC_APB2PeriphResetCmd)
    RCC_BackupResetCmd                       0x080022f5   Thumb Code     6  stm32f10x_rcc.o(i.RCC_BackupResetCmd)
    RCC_GetClocksFreq                        0x08002301   Thumb Code   192  stm32f10x_rcc.o(i.RCC_GetClocksFreq)
    RCC_GetFlagStatus                        0x080023d5   Thumb Code    56  stm32f10x_rcc.o(i.RCC_GetFlagStatus)
    RCC_LSEConfig                            0x08002411   Thumb Code    46  stm32f10x_rcc.o(i.RCC_LSEConfig)
    RCC_RTCCLKCmd                            0x08002445   Thumb Code     6  stm32f10x_rcc.o(i.RCC_RTCCLKCmd)
    RCC_RTCCLKConfig                         0x08002451   Thumb Code    12  stm32f10x_rcc.o(i.RCC_RTCCLKConfig)
    RTC_ClearITPendingBit                    0x08002461   Thumb Code    12  stm32f10x_rtc.o(i.RTC_ClearITPendingBit)
    RTC_EnterConfigMode                      0x08002471   Thumb Code    14  stm32f10x_rtc.o(i.RTC_EnterConfigMode)
    RTC_ExitConfigMode                       0x08002485   Thumb Code    16  stm32f10x_rtc.o(i.RTC_ExitConfigMode)
    RTC_Get                                  0x08002499   Thumb Code   240  rtc.o(i.RTC_Get)
    RTC_GetCounter                           0x08002599   Thumb Code    16  stm32f10x_rtc.o(i.RTC_GetCounter)
    RTC_GetITStatus                          0x080025ad   Thumb Code    32  stm32f10x_rtc.o(i.RTC_GetITStatus)
    RTC_Get_Week                             0x080025d1   Thumb Code   116  rtc.o(i.RTC_Get_Week)
    RTC_IRQHandler                           0x08002649   Thumb Code   518  stm32f10x_it.o(i.RTC_IRQHandler)
    RTC_ITConfig                             0x0800290d   Thumb Code    26  stm32f10x_rtc.o(i.RTC_ITConfig)
    RTC_Init                                 0x0800292d   Thumb Code   192  rtc.o(i.RTC_Init)
    RTC_Set                                  0x08002a0d   Thumb Code   184  rtc.o(i.RTC_Set)
    RTC_SetCounter                           0x08002ad5   Thumb Code    24  stm32f10x_rtc.o(i.RTC_SetCounter)
    RTC_SetPrescaler                         0x08002af1   Thumb Code    26  stm32f10x_rtc.o(i.RTC_SetPrescaler)
    RTC_WaitForLastTask                      0x08002b11   Thumb Code    16  stm32f10x_rtc.o(i.RTC_WaitForLastTask)
    RTC_WaitForSynchro                       0x08002b25   Thumb Code    30  stm32f10x_rtc.o(i.RTC_WaitForSynchro)
    STMFLASH_Read                            0x08002b49   Thumb Code    34  stmflash.o(i.STMFLASH_Read)
    STMFLASH_ReadHalfWord                    0x08002b6b   Thumb Code     6  stmflash.o(i.STMFLASH_ReadHalfWord)
    STMFLASH_Write                           0x08002b71   Thumb Code   222  stmflash.o(i.STMFLASH_Write)
    STMFLASH_Write_NoCheck                   0x08002c59   Thumb Code    38  stmflash.o(i.STMFLASH_Write_NoCheck)
    SVC_Handler                              0x08002c7f   Thumb Code     2  stm32f10x_it.o(i.SVC_Handler)
    SYS_RST                                  0x08002c81   Thumb Code    38  main.o(i.SYS_RST)
    SysTick_CLKSourceConfig                  0x08002d99   Thumb Code    40  misc.o(i.SysTick_CLKSourceConfig)
    SysTick_Handler                          0x08002dc1   Thumb Code     2  stm32f10x_it.o(i.SysTick_Handler)
    SystemInit                               0x08002dc5   Thumb Code    78  system_stm32f10x.o(i.SystemInit)
    TIM2_ENABLE_30S                          0x08002e25   Thumb Code   118  timer2.o(i.TIM2_ENABLE_30S)
    TIM2_IRQHandler                          0x08002e9b   Thumb Code    26  stm32f10x_it.o(i.TIM2_IRQHandler)
    TIM3_ENABLE_2S                           0x08002eb5   Thumb Code   116  timer3.o(i.TIM3_ENABLE_2S)
    TIM3_ENABLE_30S                          0x08002f2d   Thumb Code   114  timer3.o(i.TIM3_ENABLE_30S)
    TIM3_IRQHandler                          0x08002fa5   Thumb Code    98  stm32f10x_it.o(i.TIM3_IRQHandler)
    TIM4_IRQHandler                          0x08003015   Thumb Code   132  stm32f10x_it.o(i.TIM4_IRQHandler)
    TIM4_Init                                0x080030c5   Thumb Code   106  timer4.o(i.TIM4_Init)
    TIM5_ENABLE_1S                           0x08003135   Thumb Code   116  timer3.o(i.TIM5_ENABLE_1S)
    TIM5_IRQHandler                          0x080031ad   Thumb Code   132  stm32f10x_it.o(i.TIM5_IRQHandler)
    TIM_ClearITPendingBit                    0x0800325d   Thumb Code     6  stm32f10x_tim.o(i.TIM_ClearITPendingBit)
    TIM_Cmd                                  0x08003263   Thumb Code    24  stm32f10x_tim.o(i.TIM_Cmd)
    TIM_DeInit                               0x0800327d   Thumb Code   424  stm32f10x_tim.o(i.TIM_DeInit)
    TIM_GetITStatus                          0x08003465   Thumb Code    34  stm32f10x_tim.o(i.TIM_GetITStatus)
    TIM_ITConfig                             0x08003487   Thumb Code    18  stm32f10x_tim.o(i.TIM_ITConfig)
    TIM_SetCounter                           0x08003499   Thumb Code     4  stm32f10x_tim.o(i.TIM_SetCounter)
    TIM_TimeBaseInit                         0x0800349d   Thumb Code   122  stm32f10x_tim.o(i.TIM_TimeBaseInit)
    TempHumi_State                           0x08003541   Thumb Code   300  main.o(i.TempHumi_State)
    TxDataBuf_Deal                           0x08003745   Thumb Code    86  mqtt.o(i.TxDataBuf_Deal)
    USART2_IRQHandler                        0x080037a9   Thumb Code   104  stm32f10x_it.o(i.USART2_IRQHandler)
    USART_ClearFlag                          0x08003825   Thumb Code    18  stm32f10x_usart.o(i.USART_ClearFlag)
    USART_Cmd                                0x08003837   Thumb Code    24  stm32f10x_usart.o(i.USART_Cmd)
    USART_DeInit                             0x08003851   Thumb Code   134  stm32f10x_usart.o(i.USART_DeInit)
    USART_GetITStatus                        0x080038ed   Thumb Code    84  stm32f10x_usart.o(i.USART_GetITStatus)
    USART_ITConfig                           0x08003941   Thumb Code    74  stm32f10x_usart.o(i.USART_ITConfig)
    USART_Init                               0x0800398d   Thumb Code   210  stm32f10x_usart.o(i.USART_Init)
    UsageFault_Handler                       0x08003a65   Thumb Code     2  stm32f10x_it.o(i.UsageFault_Handler)
    Usart1_Init                              0x08003a69   Thumb Code   118  usart1.o(i.Usart1_Init)
    Usart2_Init                              0x08003ae9   Thumb Code   176  usart2.o(i.Usart2_Init)
    WIFI_AP_CONNECT                          0x08003ba1   Thumb Code   124  wifi.o(i.WIFI_AP_CONNECT)
    WIFI_SEND_CMD                            0x08003c8d   Thumb Code    94  wifi.o(i.WIFI_SEND_CMD)
    WIFI_receive_passwad                     0x08003d11   Thumb Code   364  process.o(i.WIFI_receive_passwad)
    WiFi_Connect_IoTServer                   0x08003edd   Thumb Code   242  wifi.o(i.WiFi_Connect_IoTServer)
    WiFi_Connect_Server                      0x080041e1   Thumb Code   188  wifi.o(i.WiFi_Connect_Server)
    WiFi_JoinAP                              0x08004331   Thumb Code   108  wifi.o(i.WiFi_JoinAP)
    WiFi_Reset                               0x080043e5   Thumb Code    88  wifi.o(i.WiFi_Reset)
    WiFi_ResetIO_Init                        0x08004455   Thumb Code    48  wifi.o(i.WiFi_ResetIO_Init)
    WiFi_SendCmd                             0x08004489   Thumb Code    86  wifi.o(i.WiFi_SendCmd)
    Wifi_send_str                            0x080044fd   Thumb Code    52  wifi.o(i.Wifi_send_str)
    __0sprintf                               0x08004549   Thumb Code    34  printfa.o(i.__0sprintf)
    __1sprintf                               0x08004549   Thumb Code     0  printfa.o(i.__0sprintf)
    __2sprintf                               0x08004549   Thumb Code     0  printfa.o(i.__0sprintf)
    __c89sprintf                             0x08004549   Thumb Code     0  printfa.o(i.__0sprintf)
    sprintf                                  0x08004549   Thumb Code     0  printfa.o(i.__0sprintf)
    __0vsprintf                              0x08004571   Thumb Code    30  printfa.o(i.__0vsprintf)
    __1vsprintf                              0x08004571   Thumb Code     0  printfa.o(i.__0vsprintf)
    __2vsprintf                              0x08004571   Thumb Code     0  printfa.o(i.__0vsprintf)
    __c89vsprintf                            0x08004571   Thumb Code     0  printfa.o(i.__0vsprintf)
    vsprintf                                 0x08004571   Thumb Code     0  printfa.o(i.__0vsprintf)
    __ARM_fpclassify                         0x08004595   Thumb Code    40  fpclassify.o(i.__ARM_fpclassify)
    __kernel_poly                            0x080045bd   Thumb Code   170  poly.o(i.__kernel_poly)
    __mathlib_dbl_divzero                    0x08004669   Thumb Code    12  dunder.o(i.__mathlib_dbl_divzero)
    __mathlib_dbl_infnan2                    0x08004679   Thumb Code     4  dunder.o(i.__mathlib_dbl_infnan2)
    __mathlib_dbl_invalid                    0x0800467d   Thumb Code    12  dunder.o(i.__mathlib_dbl_invalid)
    __mathlib_dbl_overflow                   0x08004689   Thumb Code    14  dunder.o(i.__mathlib_dbl_overflow)
    __mathlib_dbl_underflow                  0x08004699   Thumb Code    10  dunder.o(i.__mathlib_dbl_underflow)
    __scatterload_copy                       0x080046a9   Thumb Code    14  handlers.o(i.__scatterload_copy)
    __scatterload_null                       0x080046b7   Thumb Code     2  handlers.o(i.__scatterload_null)
    __scatterload_zeroinit                   0x080046b9   Thumb Code    14  handlers.o(i.__scatterload_zeroinit)
    __set_errno                              0x080046c9   Thumb Code     6  errno.o(i.__set_errno)
    cJSON_Delete                             0x08004f71   Thumb Code    74  cjson.o(i.cJSON_Delete)
    cJSON_GetObjectItem                      0x08004fc1   Thumb Code    30  cjson.o(i.cJSON_GetObjectItem)
    cJSON_Parse                              0x08005001   Thumb Code    16  cjson.o(i.cJSON_Parse)
    cJSON_ParseWithOpts                      0x08005011   Thumb Code    96  cjson.o(i.cJSON_ParseWithOpts)
    connect_toRouter                         0x080050c1   Thumb Code   190  process.o(i.connect_toRouter)
    delay_ms                                 0x080051f9   Thumb Code   242  delay.o(i.delay_ms)
    getAllHimidity                           0x080052f1   Thumb Code    32  adc.o(i.getAllHimidity)
    getEnvirmentLux                          0x08005311   Thumb Code    42  adc.o(i.getEnvirmentLux)
    getHumdity_ch                            0x08005345   Thumb Code    74  adc.o(i.getHumdity_ch)
    main                                     0x08005399   Thumb Code   128  main.o(i.main)
    mem_free                                 0x0800543d   Thumb Code    66  malloc.o(i.mem_free)
    mem_init                                 0x08005485   Thumb Code    38  malloc.o(i.mem_init)
    mem_malloc                               0x080054b1   Thumb Code   116  malloc.o(i.mem_malloc)
    mem_perused                              0x08005529   Thumb Code    36  malloc.o(i.mem_perused)
    mqtt_CMD_analyzing                       0x08005551   Thumb Code   274  process.o(i.mqtt_CMD_analyzing)
    mqtt_cmdbuf_process                      0x08005709   Thumb Code    68  process.o(i.mqtt_cmdbuf_process)
    mqtt_rxbuf_process                       0x08005769   Thumb Code   348  process.o(i.mqtt_rxbuf_process)
    mqtt_txbuf_process                       0x08005a41   Thumb Code   102  process.o(i.mqtt_txbuf_process)
    myfree                                   0x08005ad1   Thumb Code    24  malloc.o(i.myfree)
    mymalloc                                 0x08005aed   Thumb Code    28  malloc.o(i.mymalloc)
    mymemset                                 0x08005b0d   Thumb Code    20  malloc.o(i.mymemset)
    pow                                      0x08006239   Thumb Code  2478  pow.o(i.pow)
    pumpSetTim                               0x08006bf1   Thumb Code   590  process.o(i.pumpSetTim)
    sqrt                                     0x08006ecb   Thumb Code    76  sqrt.o(i.sqrt)
    u1_printf                                0x08006f19   Thumb Code    84  usart1.o(i.u1_printf)
    u2_TxData                                0x08006f75   Thumb Code    58  usart2.o(i.u2_TxData)
    u2_printf                                0x08006fb5   Thumb Code    84  usart2.o(i.u2_printf)
    utils_hb2hex                             0x08007011   Thumb Code    24  utils_md5.o(i.utils_hb2hex)
    utils_hmac_sha1                          0x08007029   Thumb Code   232  utils_hmac.o(i.utils_hmac_sha1)
    utils_sha1_finish                        0x08007111   Thumb Code   228  utils_sha1.o(i.utils_sha1_finish)
    utils_sha1_init                          0x080071f9   Thumb Code    14  utils_sha1.o(i.utils_sha1_init)
    utils_sha1_process                       0x08007209   Thumb Code  6420  utils_sha1.o(i.utils_sha1_process)
    utils_sha1_starts                        0x08008b25   Thumb Code    30  utils_sha1.o(i.utils_sha1_starts)
    utils_sha1_update                        0x08008b51   Thumb Code   124  utils_sha1.o(i.utils_sha1_update)
    table_week                               0x08008bcc   Data          12  rtc.o(.constdata)
    mon_table                                0x08008bd8   Data          12  rtc.o(.constdata)
    __mathlib_zero                           0x08008cb8   Data           8  qnan.o(.constdata)
    Region$$Table$$Base                      0x08008e6c   Number         0  anon$$obj.o(Region$$Table)
    Region$$Table$$Limit                     0x08008e8c   Number         0  anon$$obj.o(Region$$Table)
    Usart2_RxCompleted                       0x20000000   Data           1  usart2.o(.data)
    Usart2_RxCounter                         0x20000004   Data           4  usart2.o(.data)
    pump_convert                             0x20000008   Data           8  led.o(.data)
    wifi_mode                                0x20000010   Data           1  wifi.o(.data)
    WIFI_CONNECT_FLAG                        0x20000011   Data           2  wifi.o(.data)
    MQTT_RxDataInPtr                         0x20000014   Data           4  mqtt.o(.data)
    MQTT_RxDataOutPtr                        0x20000018   Data           4  mqtt.o(.data)
    MQTT_RxDataEndPtr                        0x2000001c   Data           4  mqtt.o(.data)
    MQTT_TxDataInPtr                         0x20000020   Data           4  mqtt.o(.data)
    MQTT_TxDataOutPtr                        0x20000024   Data           4  mqtt.o(.data)
    MQTT_TxDataEndPtr                        0x20000028   Data           4  mqtt.o(.data)
    MQTT_CMDInPtr                            0x2000002c   Data           4  mqtt.o(.data)
    MQTT_CMDOutPtr                           0x20000030   Data           4  mqtt.o(.data)
    MQTT_CMDEndPtr                           0x20000034   Data           4  mqtt.o(.data)
    ClientID_len                             0x20000038   Data           4  mqtt.o(.data)
    Username_len                             0x2000003c   Data           4  mqtt.o(.data)
    Passward_len                             0x20000040   Data           4  mqtt.o(.data)
    ServerPort                               0x20000044   Data           4  mqtt.o(.data)
    Fixed_len                                0x20000048   Data           4  mqtt.o(.data)
    Variable_len                             0x2000004c   Data           4  mqtt.o(.data)
    Payload_len                              0x20000050   Data           4  mqtt.o(.data)
    Ping_flag                                0x20000054   Data           1  mqtt.o(.data)
    Connect_flag                             0x20000055   Data           1  mqtt.o(.data)
    ConnectPack_flag                         0x20000056   Data           1  mqtt.o(.data)
    SubcribePack_flag                        0x20000057   Data           1  mqtt.o(.data)
    PUMP_CONNECT_STATUS                      0x2000006e   Data           8  process.o(.data)
    mallco_dev                               0x20000084   Data          20  malloc.o(.data)
    Usart1_TxBuff                            0x200000a0   Data         256  usart1.o(.bss)
    Usart2_RxBuff                            0x200001a0   Data        4095  usart2.o(.bss)
    USART2_TxBuff                            0x200011a0   Data        4095  usart2.o(.bss)
    WIFI_CONNECT_INFORMATION                 0x2000219f   Data         100  wifi.o(.bss)
    MQTT_RxDataBuf                           0x20002203   Data        8000  mqtt.o(.bss)
    MQTT_TxDataBuf                           0x20004143   Data        8000  mqtt.o(.bss)
    MQTT_CMDBuf                              0x20006083   Data        8000  mqtt.o(.bss)
    ClientID                                 0x20007fc3   Data         128  mqtt.o(.bss)
    Username                                 0x20008043   Data         128  mqtt.o(.bss)
    Passward                                 0x200080c3   Data         128  mqtt.o(.bss)
    ServerIP                                 0x20008143   Data         128  mqtt.o(.bss)
    temp_buff                                0x200081c3   Data        1000  mqtt.o(.bss)
    STMFLASH_BUF                             0x200085ac   Data        2048  stmflash.o(.bss)
    calendar                                 0x20008dac   Data          10  rtc.o(.bss)
    PUMP_SET_TIM                             0x20008db8   Data          16  process.o(.bss)
    PUMP_SET_AlarmTim                        0x20008dc8   Data         288  process.o(.bss)
    PUMP_SET_AlarmTim_interval               0x20008ee8   Data          64  process.o(.bss)
    membase                                  0x20008f28   Data       16384  malloc.o(.bss)
    memmapbase                               0x2000cf28   Data        1024  malloc.o(.bss)
    __initial_sp                             0x2000d728   Data           0  startup_stm32f10x_hd.o(STACK)



==============================================================================

Memory Map of the image

  Image Entry point : 0x08000145

  Load Region LR_1 (Base: 0x08000000, Size: 0x00008f28, Max: 0xffffffff, ABSOLUTE)

    Execution Region ER_RO (Base: 0x08000000, Size: 0x00008e8c, Max: 0xffffffff, ABSOLUTE)

    Base Addr    Size         Type   Attr      Idx    E Section Name        Object

    0x08000000   0x00000130   Data   RO         1070    RESET               startup_stm32f10x_hd.o
    0x08000130   0x00000000   Code   RO         3474  * .ARM.Collect$$$$00000000  mc_w.l(entry.o)
    0x08000130   0x00000004   Code   RO         3831    .ARM.Collect$$$$00000001  mc_w.l(entry2.o)
    0x08000134   0x00000004   Code   RO         3834    .ARM.Collect$$$$00000004  mc_w.l(entry5.o)
    0x08000138   0x00000000   Code   RO         3836    .ARM.Collect$$$$00000008  mc_w.l(entry7b.o)
    0x08000138   0x00000000   Code   RO         3838    .ARM.Collect$$$$0000000A  mc_w.l(entry8b.o)
    0x08000138   0x00000008   Code   RO         3839    .ARM.Collect$$$$0000000B  mc_w.l(entry9a.o)
    0x08000140   0x00000000   Code   RO         3841    .ARM.Collect$$$$0000000D  mc_w.l(entry10a.o)
    0x08000140   0x00000000   Code   RO         3843    .ARM.Collect$$$$0000000F  mc_w.l(entry11a.o)
    0x08000140   0x00000004   Code   RO         3832    .ARM.Collect$$$$00002712  mc_w.l(entry2.o)
    0x08000144   0x00000024   Code   RO         1071  * .text               startup_stm32f10x_hd.o
    0x08000168   0x0000000c   Code   RO         3477    .text               mc_w.l(tolower.o)
    0x08000174   0x00000024   Code   RO         3479    .text               mc_w.l(memcpya.o)
    0x08000198   0x00000024   Code   RO         3481    .text               mc_w.l(memseta.o)
    0x080001bc   0x00000024   Code   RO         3483    .text               mc_w.l(strstr.o)
    0x080001e0   0x0000000e   Code   RO         3487    .text               mc_w.l(strlen.o)
    0x080001ee   0x0000001e   Code   RO         3491    .text               mc_w.l(strncmp.o)
    0x0800020c   0x0000014e   Code   RO         3784    .text               mf_w.l(dadd.o)
    0x0800035a   0x000000e4   Code   RO         3786    .text               mf_w.l(dmul.o)
    0x0800043e   0x000000de   Code   RO         3788    .text               mf_w.l(ddiv.o)
    0x0800051c   0x00000012   Code   RO         3790    .text               mf_w.l(fflti.o)
    0x0800052e   0x00000022   Code   RO         3792    .text               mf_w.l(dflti.o)
    0x08000550   0x0000001a   Code   RO         3794    .text               mf_w.l(dfltui.o)
    0x0800056a   0x0000003e   Code   RO         3796    .text               mf_w.l(dfixi.o)
    0x080005a8   0x00000026   Code   RO         3798    .text               mf_w.l(f2d.o)
    0x080005ce   0x00000002   PAD
    0x080005d0   0x00000030   Code   RO         3800    .text               mf_w.l(cdcmple.o)
    0x08000600   0x00000030   Code   RO         3802    .text               mf_w.l(cdrcmple.o)
    0x08000630   0x0000002c   Code   RO         3848    .text               mc_w.l(uidiv.o)
    0x0800065c   0x00000062   Code   RO         3850    .text               mc_w.l(uldiv.o)
    0x080006be   0x0000001e   Code   RO         3852    .text               mc_w.l(llshl.o)
    0x080006dc   0x00000020   Code   RO         3854    .text               mc_w.l(llushr.o)
    0x080006fc   0x00000024   Code   RO         3856    .text               mc_w.l(llsshr.o)
    0x08000720   0x00000000   Code   RO         3867    .text               mc_w.l(iusefp.o)
    0x08000720   0x0000006e   Code   RO         3868    .text               mf_w.l(fepilogue.o)
    0x0800078e   0x000000ba   Code   RO         3870    .text               mf_w.l(depilogue.o)
    0x08000848   0x0000002e   Code   RO         3872    .text               mf_w.l(dscalb.o)
    0x08000876   0x00000030   Code   RO         3874    .text               mf_w.l(dfixul.o)
    0x080008a6   0x00000002   PAD
    0x080008a8   0x00000024   Code   RO         3876    .text               mc_w.l(init.o)
    0x080008cc   0x000000a2   Code   RO         3880    .text               mf_w.l(dsqrt.o)
    0x0800096e   0x00000016   Code   RO         2213    i.ADC_Cmd           stm32f10x_adc.o
    0x08000984   0x0000005c   Code   RO         2215    i.ADC_DeInit        stm32f10x_adc.o
    0x080009e0   0x00000014   Code   RO         2221    i.ADC_GetCalibrationStatus  stm32f10x_adc.o
    0x080009f4   0x00000008   Code   RO         2222    i.ADC_GetConversionValue  stm32f10x_adc.o
    0x080009fc   0x00000012   Code   RO         2224    i.ADC_GetFlagStatus  stm32f10x_adc.o
    0x08000a0e   0x00000014   Code   RO         2227    i.ADC_GetResetCalibrationStatus  stm32f10x_adc.o
    0x08000a22   0x00000002   PAD
    0x08000a24   0x00000050   Code   RO         2231    i.ADC_Init          stm32f10x_adc.o
    0x08000a74   0x000000b8   Code   RO         2235    i.ADC_RegularChannelConfig  stm32f10x_adc.o
    0x08000b2c   0x0000000a   Code   RO         2236    i.ADC_ResetCalibration  stm32f10x_adc.o
    0x08000b36   0x00000016   Code   RO         2238    i.ADC_SoftwareStartConvCmd  stm32f10x_adc.o
    0x08000b4c   0x0000000a   Code   RO         2240    i.ADC_StartCalibration  stm32f10x_adc.o
    0x08000b56   0x00000002   PAD
    0x08000b58   0x000000bc   Code   RO          828    i.Adc_Init          adc.o
    0x08000c14   0x000001dc   Code   RO          520    i.AliIoT_Parameter_Init  mqtt.o
    0x08000df0   0x00000010   Code   RO         2605    i.BKP_DeInit        stm32f10x_bkp.o
    0x08000e00   0x0000001c   Code   RO         2610    i.BKP_ReadBackupRegister  stm32f10x_bkp.o
    0x08000e1c   0x0000001c   Code   RO         2614    i.BKP_WriteBackupRegister  stm32f10x_bkp.o
    0x08000e38   0x00000002   Code   RO          268    i.BusFault_Handler  stm32f10x_it.o
    0x08000e3a   0x00000002   PAD
    0x08000e3c   0x0000006c   Code   RO          521    i.CMDBuf_Deal       mqtt.o
    0x08000ea8   0x00000064   Code   RO          909    i.DS18B20_Check     ds18b20.o
    0x08000f0c   0x000000a4   Code   RO          910    i.DS18B20_Get_ActualTemp  ds18b20.o
    0x08000fb0   0x0000008c   Code   RO          911    i.DS18B20_Get_Temp  ds18b20.o
    0x0800103c   0x0000003c   Code   RO          912    i.DS18B20_Init      ds18b20.o
    0x08001078   0x0000006c   Code   RO          913    i.DS18B20_Read_Bit  ds18b20.o
    0x080010e4   0x00000022   Code   RO          914    i.DS18B20_Read_Byte  ds18b20.o
    0x08001106   0x00000002   PAD
    0x08001108   0x00000044   Code   RO          915    i.DS18B20_Rst       ds18b20.o
    0x0800114c   0x00000018   Code   RO          916    i.DS18B20_Start     ds18b20.o
    0x08001164   0x00000074   Code   RO          917    i.DS18B20_Write_Byte  ds18b20.o
    0x080011d8   0x00000002   Code   RO          269    i.DebugMon_Handler  stm32f10x_it.o
    0x080011da   0x0000000c   Code   RO          197    i.Delay_Init        delay.o
    0x080011e6   0x00000042   Code   RO          198    i.Delay_Us          delay.o
    0x08001228   0x00000210   Code   RO          270    i.EXTI15_10_IRQHandler  stm32f10x_it.o
    0x08001438   0x00000208   Code   RO          271    i.EXTI9_5_IRQHandler  stm32f10x_it.o
    0x08001640   0x000000e4   Code   RO          414    i.EXTIX_Init        led.o
    0x08001724   0x0000000c   Code   RO         2154    i.EXTI_ClearITPendingBit  stm32f10x_exti.o
    0x08001730   0x00000028   Code   RO         2158    i.EXTI_GetITStatus  stm32f10x_exti.o
    0x08001758   0x00000094   Code   RO         2159    i.EXTI_Init         stm32f10x_exti.o
    0x080017ec   0x0000004c   Code   RO         2434    i.FLASH_ErasePage   stm32f10x_flash.o
    0x08001838   0x00000034   Code   RO         2435    i.FLASH_GetBank1Status  stm32f10x_flash.o
    0x0800186c   0x00000014   Code   RO         2444    i.FLASH_Lock        stm32f10x_flash.o
    0x08001880   0x00000040   Code   RO         2447    i.FLASH_ProgramHalfWord  stm32f10x_flash.o
    0x080018c0   0x00000018   Code   RO         2452    i.FLASH_Unlock      stm32f10x_flash.o
    0x080018d8   0x00000026   Code   RO         2456    i.FLASH_WaitForLastOperation  stm32f10x_flash.o
    0x080018fe   0x00000002   PAD
    0x08001900   0x00000040   Code   RO         2042    i.GPIO_EXTILineConfig  stm32f10x_gpio.o
    0x08001940   0x00000116   Code   RO         2045    i.GPIO_Init         stm32f10x_gpio.o
    0x08001a56   0x00000012   Code   RO         2049    i.GPIO_ReadInputDataBit  stm32f10x_gpio.o
    0x08001a68   0x00000004   Code   RO         2053    i.GPIO_SetBits      stm32f10x_gpio.o
    0x08001a6c   0x0000000a   Code   RO         2056    i.GPIO_WriteBit     stm32f10x_gpio.o
    0x08001a76   0x00000002   PAD
    0x08001a78   0x00000034   Code   RO          829    i.Get_Adc           adc.o
    0x08001aac   0x00000002   Code   RO          272    i.HardFault_Handler  stm32f10x_it.o
    0x08001aae   0x0000003a   Code   RO          969    i.Is_Leap_Year      rtc.o
    0x08001ae8   0x0000006c   Code   RO          415    i.LED_Init          led.o
    0x08001b54   0x0000009c   Code   RO          522    i.MQTT_Buff_Init    mqtt.o
    0x08001bf0   0x00000110   Code   RO          523    i.MQTT_Buff_ReInit  mqtt.o
    0x08001d00   0x00000218   Code   RO          524    i.MQTT_ConectPack   mqtt.o
    0x08001f18   0x0000010c   Code   RO          525    i.MQTT_DealPushdata_Qs0  mqtt.o
    0x08002024   0x0000001c   Code   RO          526    i.MQTT_PingREQ      mqtt.o
    0x08002040   0x000000ec   Code   RO          527    i.MQTT_PublishQs0   mqtt.o
    0x0800212c   0x00000098   Code   RO          528    i.MQTT_Subscribe    mqtt.o
    0x080021c4   0x00000002   Code   RO          273    i.MemManage_Handler  stm32f10x_it.o
    0x080021c6   0x00000002   Code   RO          274    i.NMI_Handler       stm32f10x_it.o
    0x080021c8   0x00000070   Code   RO         1075    i.NVIC_Init         misc.o
    0x08002238   0x00000014   Code   RO         1076    i.NVIC_PriorityGroupConfig  misc.o
    0x0800224c   0x0000000c   Code   RO         2681    i.PWR_BackupAccessCmd  stm32f10x_pwr.o
    0x08002258   0x00000002   Code   RO          275    i.PendSV_Handler    stm32f10x_it.o
    0x0800225a   0x00000002   PAD
    0x0800225c   0x00000018   Code   RO         1111    i.RCC_ADCCLKConfig  stm32f10x_rcc.o
    0x08002274   0x00000020   Code   RO         1113    i.RCC_APB1PeriphClockCmd  stm32f10x_rcc.o
    0x08002294   0x00000020   Code   RO         1114    i.RCC_APB1PeriphResetCmd  stm32f10x_rcc.o
    0x080022b4   0x00000020   Code   RO         1115    i.RCC_APB2PeriphClockCmd  stm32f10x_rcc.o
    0x080022d4   0x00000020   Code   RO         1116    i.RCC_APB2PeriphResetCmd  stm32f10x_rcc.o
    0x080022f4   0x0000000c   Code   RO         1118    i.RCC_BackupResetCmd  stm32f10x_rcc.o
    0x08002300   0x000000d4   Code   RO         1123    i.RCC_GetClocksFreq  stm32f10x_rcc.o
    0x080023d4   0x0000003c   Code   RO         1124    i.RCC_GetFlagStatus  stm32f10x_rcc.o
    0x08002410   0x00000034   Code   RO         1131    i.RCC_LSEConfig     stm32f10x_rcc.o
    0x08002444   0x0000000c   Code   RO         1138    i.RCC_RTCCLKCmd     stm32f10x_rcc.o
    0x08002450   0x00000010   Code   RO         1139    i.RCC_RTCCLKConfig  stm32f10x_rcc.o
    0x08002460   0x00000010   Code   RO         2742    i.RTC_ClearITPendingBit  stm32f10x_rtc.o
    0x08002470   0x00000014   Code   RO         2743    i.RTC_EnterConfigMode  stm32f10x_rtc.o
    0x08002484   0x00000014   Code   RO         2744    i.RTC_ExitConfigMode  stm32f10x_rtc.o
    0x08002498   0x00000100   Code   RO          971    i.RTC_Get           rtc.o
    0x08002598   0x00000014   Code   RO         2745    i.RTC_GetCounter    stm32f10x_rtc.o
    0x080025ac   0x00000024   Code   RO         2748    i.RTC_GetITStatus   stm32f10x_rtc.o
    0x080025d0   0x00000078   Code   RO          972    i.RTC_Get_Week      rtc.o
    0x08002648   0x000002c4   Code   RO          276    i.RTC_IRQHandler    stm32f10x_it.o
    0x0800290c   0x00000020   Code   RO         2749    i.RTC_ITConfig      stm32f10x_rtc.o
    0x0800292c   0x000000c0   Code   RO          973    i.RTC_Init          rtc.o
    0x080029ec   0x00000020   Code   RO          974    i.RTC_NVIC_Config   rtc.o
    0x08002a0c   0x000000c8   Code   RO          975    i.RTC_Set           rtc.o
    0x08002ad4   0x0000001c   Code   RO         2751    i.RTC_SetCounter    stm32f10x_rtc.o
    0x08002af0   0x00000020   Code   RO         2752    i.RTC_SetPrescaler  stm32f10x_rtc.o
    0x08002b10   0x00000014   Code   RO         2753    i.RTC_WaitForLastTask  stm32f10x_rtc.o
    0x08002b24   0x00000024   Code   RO         2754    i.RTC_WaitForSynchro  stm32f10x_rtc.o
    0x08002b48   0x00000022   Code   RO          870    i.STMFLASH_Read     stmflash.o
    0x08002b6a   0x00000006   Code   RO          871    i.STMFLASH_ReadHalfWord  stmflash.o
    0x08002b70   0x000000e8   Code   RO          872    i.STMFLASH_Write    stmflash.o
    0x08002c58   0x00000026   Code   RO          873    i.STMFLASH_Write_NoCheck  stmflash.o
    0x08002c7e   0x00000002   Code   RO          277    i.SVC_Handler       stm32f10x_it.o
    0x08002c80   0x00000030   Code   RO            1    i.SYS_RST           main.o
    0x08002cb0   0x00000008   Code   RO         1034    i.SetSysClock       system_stm32f10x.o
    0x08002cb8   0x000000e0   Code   RO         1035    i.SetSysClockTo72   system_stm32f10x.o
    0x08002d98   0x00000028   Code   RO         1079    i.SysTick_CLKSourceConfig  misc.o
    0x08002dc0   0x00000002   Code   RO          278    i.SysTick_Handler   stm32f10x_it.o
    0x08002dc2   0x00000002   PAD
    0x08002dc4   0x00000060   Code   RO         1037    i.SystemInit        system_stm32f10x.o
    0x08002e24   0x00000076   Code   RO          745    i.TIM2_ENABLE_30S   timer2.o
    0x08002e9a   0x0000001a   Code   RO          279    i.TIM2_IRQHandler   stm32f10x_it.o
    0x08002eb4   0x00000078   Code   RO          607    i.TIM3_ENABLE_2S    timer3.o
    0x08002f2c   0x00000078   Code   RO          608    i.TIM3_ENABLE_30S   timer3.o
    0x08002fa4   0x00000070   Code   RO          280    i.TIM3_IRQHandler   stm32f10x_it.o
    0x08003014   0x000000b0   Code   RO          281    i.TIM4_IRQHandler   stm32f10x_it.o
    0x080030c4   0x00000070   Code   RO          253    i.TIM4_Init         timer4.o
    0x08003134   0x00000078   Code   RO          609    i.TIM5_ENABLE_1S    timer3.o
    0x080031ac   0x000000b0   Code   RO          282    i.TIM5_IRQHandler   stm32f10x_it.o
    0x0800325c   0x00000006   Code   RO         1322    i.TIM_ClearITPendingBit  stm32f10x_tim.o
    0x08003262   0x00000018   Code   RO         1327    i.TIM_Cmd           stm32f10x_tim.o
    0x0800327a   0x00000002   PAD
    0x0800327c   0x000001e8   Code   RO         1332    i.TIM_DeInit        stm32f10x_tim.o
    0x08003464   0x00000022   Code   RO         1348    i.TIM_GetITStatus   stm32f10x_tim.o
    0x08003486   0x00000012   Code   RO         1352    i.TIM_ITConfig      stm32f10x_tim.o
    0x08003498   0x00000004   Code   RO         1392    i.TIM_SetCounter    stm32f10x_tim.o
    0x0800349c   0x000000a4   Code   RO         1398    i.TIM_TimeBaseInit  stm32f10x_tim.o
    0x08003540   0x00000204   Code   RO            2    i.TempHumi_State    main.o
    0x08003744   0x00000064   Code   RO          529    i.TxDataBuf_Deal    mqtt.o
    0x080037a8   0x0000007c   Code   RO          283    i.USART2_IRQHandler  stm32f10x_it.o
    0x08003824   0x00000012   Code   RO         1859    i.USART_ClearFlag   stm32f10x_usart.o
    0x08003836   0x00000018   Code   RO         1863    i.USART_Cmd         stm32f10x_usart.o
    0x0800384e   0x00000002   PAD
    0x08003850   0x0000009c   Code   RO         1865    i.USART_DeInit      stm32f10x_usart.o
    0x080038ec   0x00000054   Code   RO         1867    i.USART_GetITStatus  stm32f10x_usart.o
    0x08003940   0x0000004a   Code   RO         1869    i.USART_ITConfig    stm32f10x_usart.o
    0x0800398a   0x00000002   PAD
    0x0800398c   0x000000d8   Code   RO         1870    i.USART_Init        stm32f10x_usart.o
    0x08003a64   0x00000002   Code   RO          284    i.UsageFault_Handler  stm32f10x_it.o
    0x08003a66   0x00000002   PAD
    0x08003a68   0x00000080   Code   RO          225    i.Usart1_Init       usart1.o
    0x08003ae8   0x000000b8   Code   RO          383    i.Usart2_Init       usart2.o
    0x08003ba0   0x000000ec   Code   RO          438    i.WIFI_AP_CONNECT   wifi.o
    0x08003c8c   0x00000084   Code   RO          439    i.WIFI_SEND_CMD     wifi.o
    0x08003d10   0x000001cc   Code   RO         3000    i.WIFI_receive_passwad  process.o
    0x08003edc   0x00000304   Code   RO          440    i.WiFi_Connect_IoTServer  wifi.o
    0x080041e0   0x00000150   Code   RO          441    i.WiFi_Connect_Server  wifi.o
    0x08004330   0x000000b4   Code   RO          442    i.WiFi_JoinAP       wifi.o
    0x080043e4   0x00000070   Code   RO          443    i.WiFi_Reset        wifi.o
    0x08004454   0x00000034   Code   RO          444    i.WiFi_ResetIO_Init  wifi.o
    0x08004488   0x00000074   Code   RO          445    i.WiFi_SendCmd      wifi.o
    0x080044fc   0x0000004c   Code   RO          448    i.Wifi_send_str     wifi.o
    0x08004548   0x00000028   Code   RO         3730    i.__0sprintf        mc_w.l(printfa.o)
    0x08004570   0x00000024   Code   RO         3734    i.__0vsprintf       mc_w.l(printfa.o)
    0x08004594   0x00000028   Code   RO         3818    i.__ARM_fpclassify  m_ws.l(fpclassify.o)
    0x080045bc   0x000000aa   Code   RO         3820    i.__kernel_poly     m_ws.l(poly.o)
    0x08004666   0x00000002   PAD
    0x08004668   0x00000010   Code   RO         3804    i.__mathlib_dbl_divzero  m_ws.l(dunder.o)
    0x08004678   0x00000004   Code   RO         3806    i.__mathlib_dbl_infnan2  m_ws.l(dunder.o)
    0x0800467c   0x0000000c   Code   RO         3807    i.__mathlib_dbl_invalid  m_ws.l(dunder.o)
    0x08004688   0x0000000e   Code   RO         3808    i.__mathlib_dbl_overflow  m_ws.l(dunder.o)
    0x08004696   0x00000002   PAD
    0x08004698   0x00000010   Code   RO         3810    i.__mathlib_dbl_underflow  m_ws.l(dunder.o)
    0x080046a8   0x0000000e   Code   RO         3884    i.__scatterload_copy  mc_w.l(handlers.o)
    0x080046b6   0x00000002   Code   RO         3885    i.__scatterload_null  mc_w.l(handlers.o)
    0x080046b8   0x0000000e   Code   RO         3886    i.__scatterload_zeroinit  mc_w.l(handlers.o)
    0x080046c6   0x00000002   PAD
    0x080046c8   0x0000000c   Code   RO         3862    i.__set_errno       mc_w.l(errno.o)
    0x080046d4   0x00000164   Code   RO         3735    i._fp_digits        mc_w.l(printfa.o)
    0x08004838   0x000006dc   Code   RO         3736    i._printf_core      mc_w.l(printfa.o)
    0x08004f14   0x00000024   Code   RO         3737    i._printf_post_padding  mc_w.l(printfa.o)
    0x08004f38   0x0000002e   Code   RO         3738    i._printf_pre_padding  mc_w.l(printfa.o)
    0x08004f66   0x0000000a   Code   RO         3740    i._sputc            mc_w.l(printfa.o)
    0x08004f70   0x00000050   Code   RO         3077    i.cJSON_Delete      cjson.o
    0x08004fc0   0x0000001e   Code   RO         3086    i.cJSON_GetObjectItem  cjson.o
    0x08004fde   0x00000002   PAD
    0x08004fe0   0x00000020   Code   RO         3089    i.cJSON_New_Item    cjson.o
    0x08005000   0x00000010   Code   RO         3090    i.cJSON_Parse       cjson.o
    0x08005010   0x00000064   Code   RO         3091    i.cJSON_ParseWithOpts  cjson.o
    0x08005074   0x0000004c   Code   RO         3096    i.cJSON_strcasecmp  cjson.o
    0x080050c0   0x00000138   Code   RO         3001    i.connect_toRouter  process.o
    0x080051f8   0x000000f8   Code   RO          199    i.delay_ms          delay.o
    0x080052f0   0x00000020   Code   RO          831    i.getAllHimidity    adc.o
    0x08005310   0x00000034   Code   RO          832    i.getEnvirmentLux   adc.o
    0x08005344   0x00000054   Code   RO          833    i.getHumdity_ch     adc.o
    0x08005398   0x000000a4   Code   RO            3    i.main              main.o
    0x0800543c   0x00000048   Code   RO         3392    i.mem_free          malloc.o
    0x08005484   0x0000002c   Code   RO         3393    i.mem_init          malloc.o
    0x080054b0   0x00000078   Code   RO         3394    i.mem_malloc        malloc.o
    0x08005528   0x00000028   Code   RO         3395    i.mem_perused       malloc.o
    0x08005550   0x000001b8   Code   RO         3002    i.mqtt_CMD_analyzing  process.o
    0x08005708   0x00000060   Code   RO         3003    i.mqtt_cmdbuf_process  process.o
    0x08005768   0x000002d8   Code   RO         3004    i.mqtt_rxbuf_process  process.o
    0x08005a40   0x00000090   Code   RO         3005    i.mqtt_txbuf_process  process.o
    0x08005ad0   0x0000001c   Code   RO         3396    i.myfree            malloc.o
    0x08005aec   0x00000020   Code   RO         3397    i.mymalloc          malloc.o
    0x08005b0c   0x00000014   Code   RO         3399    i.mymemset          malloc.o
    0x08005b20   0x000000ac   Code   RO         3099    i.parse_array       cjson.o
    0x08005bcc   0x00000114   Code   RO         3100    i.parse_hex4        cjson.o
    0x08005ce0   0x000001bc   Code   RO         3101    i.parse_number      cjson.o
    0x08005e9c   0x00000114   Code   RO         3102    i.parse_object      cjson.o
    0x08005fb0   0x000001cc   Code   RO         3103    i.parse_string      cjson.o
    0x0800617c   0x000000bc   Code   RO         3104    i.parse_value       cjson.o
    0x08006238   0x000009b8   Code   RO         3465    i.pow               m_ws.l(pow.o)
    0x08006bf0   0x000002c8   Code   RO         3006    i.pumpSetTim        process.o
    0x08006eb8   0x00000012   Code   RO         3111    i.skip              cjson.o
    0x08006eca   0x0000004c   Code   RO         3824    i.sqrt              m_ws.l(sqrt.o)
    0x08006f16   0x00000002   PAD
    0x08006f18   0x0000005c   Code   RO          226    i.u1_printf         usart1.o
    0x08006f74   0x00000040   Code   RO          384    i.u2_TxData         usart2.o
    0x08006fb4   0x0000005c   Code   RO          385    i.u2_printf         usart2.o
    0x08007010   0x00000018   Code   RO         2873    i.utils_hb2hex      utils_md5.o
    0x08007028   0x000000e8   Code   RO         2833    i.utils_hmac_sha1   utils_hmac.o
    0x08007110   0x000000e8   Code   RO         2941    i.utils_sha1_finish  utils_sha1.o
    0x080071f8   0x0000000e   Code   RO         2943    i.utils_sha1_init   utils_sha1.o
    0x08007206   0x00000002   PAD
    0x08007208   0x0000191c   Code   RO         2944    i.utils_sha1_process  utils_sha1.o
    0x08008b24   0x0000002c   Code   RO         2945    i.utils_sha1_starts  utils_sha1.o
    0x08008b50   0x0000007c   Code   RO         2946    i.utils_sha1_update  utils_sha1.o
    0x08008bcc   0x00000018   Data   RO          977    .constdata          rtc.o
    0x08008be4   0x00000040   Data   RO         2948    .constdata          utils_sha1.o
    0x08008c24   0x00000007   Data   RO         3113    .constdata          cjson.o
    0x08008c2b   0x00000005   PAD
    0x08008c30   0x00000088   Data   RO         3466    .constdata          m_ws.l(pow.o)
    0x08008cb8   0x00000008   Data   RO         3822    .constdata          m_ws.l(qnan.o)
    0x08008cc0   0x00000125   Data   RO            4    .conststring        main.o
    0x08008de5   0x00000003   PAD
    0x08008de8   0x00000082   Data   RO          285    .conststring        stm32f10x_it.o
    0x08008e6a   0x00000002   PAD
    0x08008e6c   0x00000020   Data   RO         3882    Region$$Table       anon$$obj.o


    Execution Region ER_RW (Base: 0x20000000, Size: 0x0000009c, Max: 0xffffffff, ABSOLUTE)

    Base Addr    Size         Type   Attr      Idx    E Section Name        Object

    0x20000000   0x00000008   Data   RW          387    .data               usart2.o
    0x20000008   0x00000008   Data   RW          416    .data               led.o
    0x20000010   0x00000003   Data   RW          450    .data               wifi.o
    0x20000013   0x00000001   PAD
    0x20000014   0x00000044   Data   RW          531    .data               mqtt.o
    0x20000058   0x00000002   Data   RW          978    .data               rtc.o
    0x2000005a   0x00000014   Data   RW         1143    .data               stm32f10x_rcc.o
    0x2000006e   0x00000008   Data   RW         3009    .data               process.o
    0x20000076   0x00000002   PAD
    0x20000078   0x0000000c   Data   RW         3114    .data               cjson.o
    0x20000084   0x00000014   Data   RW         3403    .data               malloc.o
    0x20000098   0x00000004   Data   RW         3863    .data               mc_w.l(errno.o)


    Execution Region ER_ZI (Base: 0x2000009c, Size: 0x0000d68c, Max: 0xffffffff, ABSOLUTE)

    Base Addr    Size         Type   Attr      Idx    E Section Name        Object

    0x2000009c   0x00000004   PAD
    0x200000a0   0x00000100   Zero   RW          227    .bss                usart1.o
    0x200001a0   0x00001fff   Zero   RW          386    .bss                usart2.o
    0x2000219f   0x00000064   Zero   RW          449    .bss                wifi.o
    0x20002203   0x000063a8   Zero   RW          530    .bss                mqtt.o
    0x200085ab   0x00000001   PAD
    0x200085ac   0x00000800   Zero   RW          875    .bss                stmflash.o
    0x20008dac   0x0000000a   Zero   RW          976    .bss                rtc.o
    0x20008db6   0x00000002   PAD
    0x20008db8   0x00000170   Zero   RW         3008    .bss                process.o
    0x20008f28   0x00004400   Zero   RW         3401    .bss                malloc.o
    0x2000d328   0x00000400   Zero   RW         1068    STACK               startup_stm32f10x_hd.o


==============================================================================

Image component sizes


      Code (inc. data)   RO Data    RW Data    ZI Data      Debug   Object Name

       408         42          0          0          0       2760   adc.o
      2168         78          7         12          0      10997   cjson.o
       326          6          0          0          0       1615   delay.o
       814         66          0          0          0       4973   ds18b20.o
       336         12          0          8          0       1655   led.o
       728        262        293          0          0     289785   main.o
       356         28          0         20      17408       5126   malloc.o
       172         22          0          0          0       1909   misc.o
      2332        588          0         68      25512       8382   mqtt.o
      2892        962          0          8        368       5740   process.o
       858         36         24          2         10       4793   rtc.o
        36          8        304          0       1024        772   startup_stm32f10x_hd.o
       486         24          0          0          0       7946   stm32f10x_adc.o
        72         10          0          0          0       2484   stm32f10x_bkp.o
       200         18          0          0          0       1900   stm32f10x_exti.o
       274         30          0          0          0       3110   stm32f10x_flash.o
       374          4          0          0          0       4009   stm32f10x_gpio.o
      2388        590        130          0          0       8523   stm32f10x_it.o
        12          6          0          0          0        466   stm32f10x_pwr.o
       516         76          0         20          0       8235   stm32f10x_rcc.o
       260         48          0          0          0       4672   stm32f10x_rtc.o
       738        106          0          0          0       4480   stm32f10x_tim.o
       572         28          0          0          0       5235   stm32f10x_usart.o
       310         10          0          0       2048       3169   stmflash.o
         0          0          0          0          0         32   sys.o
       328         28          0          0          0       1769   system_stm32f10x.o
       118          0          0          0          0        554   timer2.o
       360         14          0          0          0       1664   timer3.o
       112          6          0          0          0        632   timer4.o
       220         18          0          0        256       2338   usart1.o
       340         22          0          8       8191       2568   usart2.o
       232          0          0          0          0       2646   utils_hmac.o
        24          0          0          0          0        479   utils_md5.o
      6842         40         64          0          0       5491   utils_sha1.o
      2012        982          0          3        100       6174   wifi.o

    ----------------------------------------------------------------------
     28244       4170        864        152      54920     417083   Object Totals
         0          0         32          0          0          0   (incl. Generated)
        28          0         10          3          3          0   (incl. Padding)

    ----------------------------------------------------------------------

      Code (inc. data)   RO Data    RW Data    ZI Data      Debug   Library Member Name

        62         10          0          0          0        340   dunder.o
        40          0          0          0          0         68   fpclassify.o
       170          0          0          0          0         96   poly.o
      2488        190        136          0          0        300   pow.o
         0          0          8          0          0          0   qnan.o
        76          0          0          0          0         84   sqrt.o
         0          0          0          0          0          0   entry.o
         0          0          0          0          0          0   entry10a.o
         0          0          0          0          0          0   entry11a.o
         8          4          0          0          0          0   entry2.o
         4          0          0          0          0          0   entry5.o
         0          0          0          0          0          0   entry7b.o
         0          0          0          0          0          0   entry8b.o
         8          4          0          0          0          0   entry9a.o
        12          6          0          4          0         68   errno.o
        30          0          0          0          0          0   handlers.o
        36          8          0          0          0         68   init.o
         0          0          0          0          0          0   iusefp.o
        30          0          0          0          0         68   llshl.o
        36          0          0          0          0         68   llsshr.o
        32          0          0          0          0         68   llushr.o
        36          0          0          0          0         68   memcpya.o
        36          0          0          0          0        108   memseta.o
      2280         92          0          0          0        592   printfa.o
        14          0          0          0          0         68   strlen.o
        30          0          0          0          0         80   strncmp.o
        36          0          0          0          0         80   strstr.o
        12          0          0          0          0         68   tolower.o
        44          0          0          0          0         80   uidiv.o
        98          0          0          0          0         92   uldiv.o
        48          0          0          0          0         68   cdcmple.o
        48          0          0          0          0         68   cdrcmple.o
       334          0          0          0          0        148   dadd.o
       222          0          0          0          0        100   ddiv.o
       186          0          0          0          0        176   depilogue.o
        62          0          0          0          0         80   dfixi.o
        48          0          0          0          0         68   dfixul.o
        34          0          0          0          0         76   dflti.o
        26          0          0          0          0         76   dfltui.o
       228          0          0          0          0         96   dmul.o
        46          0          0          0          0         80   dscalb.o
       162          0          0          0          0        100   dsqrt.o
        38          0          0          0          0         68   f2d.o
       110          0          0          0          0        168   fepilogue.o
        18          0          0          0          0         68   fflti.o

    ----------------------------------------------------------------------
      7240        314        144          4          4       3904   Library Totals
        12          0          0          0          4          0   (incl. Padding)

    ----------------------------------------------------------------------

      Code (inc. data)   RO Data    RW Data    ZI Data      Debug   Library Name

      2836        200        144          0          0        888   m_ws.l
      2782        114          0          4          0       1576   mc_w.l
      1610          0          0          0          0       1440   mf_w.l

    ----------------------------------------------------------------------
      7240        314        144          4          4       3904   Library Totals

    ----------------------------------------------------------------------

==============================================================================


      Code (inc. data)   RO Data    RW Data    ZI Data      Debug   

     35484       4484       1008        156      54924     409855   Grand Totals
     35484       4484       1008        156      54924     409855   ELF Image Totals
     35484       4484       1008        156          0          0   ROM Totals

==============================================================================

    Total RO  Size (Code + RO Data)                36492 (  35.64kB)
    Total RW  Size (RW Data + ZI Data)             55080 (  53.79kB)
    Total ROM Size (Code + RO Data + RW Data)      36648 (  35.79kB)

==============================================================================

